Archive member included to satisfy reference by file (symbol)

c:/program files (x86)/gnu arm embedded toolchain/10 2021.10/bin/../lib/gcc/arm-none-eabi/10.3.1/../../../../arm-none-eabi/lib/thumb/v7e-m+fp/hard\libc_nano.a(lib_a-exit.o)
                              c:/program files (x86)/gnu arm embedded toolchain/10 2021.10/bin/../lib/gcc/arm-none-eabi/10.3.1/../../../../arm-none-eabi/lib/thumb/v7e-m+fp/hard/crt0.o (exit)
c:/program files (x86)/gnu arm embedded toolchain/10 2021.10/bin/../lib/gcc/arm-none-eabi/10.3.1/../../../../arm-none-eabi/lib/thumb/v7e-m+fp/hard\libc_nano.a(lib_a-impure.o)
                              c:/program files (x86)/gnu arm embedded toolchain/10 2021.10/bin/../lib/gcc/arm-none-eabi/10.3.1/../../../../arm-none-eabi/lib/thumb/v7e-m+fp/hard\libc_nano.a(lib_a-exit.o) (_global_impure_ptr)
c:/program files (x86)/gnu arm embedded toolchain/10 2021.10/bin/../lib/gcc/arm-none-eabi/10.3.1/../../../../arm-none-eabi/lib/thumb/v7e-m+fp/hard\libc_nano.a(lib_a-init.o)
                              c:/program files (x86)/gnu arm embedded toolchain/10 2021.10/bin/../lib/gcc/arm-none-eabi/10.3.1/../../../../arm-none-eabi/lib/thumb/v7e-m+fp/hard/crt0.o (__libc_init_array)
c:/program files (x86)/gnu arm embedded toolchain/10 2021.10/bin/../lib/gcc/arm-none-eabi/10.3.1/../../../../arm-none-eabi/lib/thumb/v7e-m+fp/hard\libc_nano.a(lib_a-memset.o)
                              c:/program files (x86)/gnu arm embedded toolchain/10 2021.10/bin/../lib/gcc/arm-none-eabi/10.3.1/../../../../arm-none-eabi/lib/thumb/v7e-m+fp/hard/crt0.o (memset)
c:/program files (x86)/gnu arm embedded toolchain/10 2021.10/bin/../lib/gcc/arm-none-eabi/10.3.1/../../../../arm-none-eabi/lib/thumb/v7e-m+fp/hard\libnosys.a(_exit.o)
                              c:/program files (x86)/gnu arm embedded toolchain/10 2021.10/bin/../lib/gcc/arm-none-eabi/10.3.1/../../../../arm-none-eabi/lib/thumb/v7e-m+fp/hard\libc_nano.a(lib_a-exit.o) (_exit)
c:/program files (x86)/gnu arm embedded toolchain/10 2021.10/bin/../lib/gcc/arm-none-eabi/10.3.1/thumb/v7e-m+fp/hard\libgcc.a(_aeabi_uldivmod.o)
                              build/stm32l4xx_hal_uart.o (__aeabi_uldivmod)
c:/program files (x86)/gnu arm embedded toolchain/10 2021.10/bin/../lib/gcc/arm-none-eabi/10.3.1/thumb/v7e-m+fp/hard\libgcc.a(_udivmoddi4.o)
                              c:/program files (x86)/gnu arm embedded toolchain/10 2021.10/bin/../lib/gcc/arm-none-eabi/10.3.1/thumb/v7e-m+fp/hard\libgcc.a(_aeabi_uldivmod.o) (__udivmoddi4)
c:/program files (x86)/gnu arm embedded toolchain/10 2021.10/bin/../lib/gcc/arm-none-eabi/10.3.1/thumb/v7e-m+fp/hard\libgcc.a(_dvmd_tls.o)
                              c:/program files (x86)/gnu arm embedded toolchain/10 2021.10/bin/../lib/gcc/arm-none-eabi/10.3.1/thumb/v7e-m+fp/hard\libgcc.a(_aeabi_uldivmod.o) (__aeabi_ldiv0)

Discarded input sections

 .text          0x00000000        0x0 c:/program files (x86)/gnu arm embedded toolchain/10 2021.10/bin/../lib/gcc/arm-none-eabi/10.3.1/thumb/v7e-m+fp/hard/crti.o
 .data          0x00000000        0x0 c:/program files (x86)/gnu arm embedded toolchain/10 2021.10/bin/../lib/gcc/arm-none-eabi/10.3.1/thumb/v7e-m+fp/hard/crti.o
 .bss           0x00000000        0x0 c:/program files (x86)/gnu arm embedded toolchain/10 2021.10/bin/../lib/gcc/arm-none-eabi/10.3.1/thumb/v7e-m+fp/hard/crti.o
 .data          0x00000000        0x4 c:/program files (x86)/gnu arm embedded toolchain/10 2021.10/bin/../lib/gcc/arm-none-eabi/10.3.1/thumb/v7e-m+fp/hard/crtbegin.o
 .rodata        0x00000000       0x24 c:/program files (x86)/gnu arm embedded toolchain/10 2021.10/bin/../lib/gcc/arm-none-eabi/10.3.1/thumb/v7e-m+fp/hard/crtbegin.o
 .text          0x00000000       0x7c c:/program files (x86)/gnu arm embedded toolchain/10 2021.10/bin/../lib/gcc/arm-none-eabi/10.3.1/../../../../arm-none-eabi/lib/thumb/v7e-m+fp/hard/crt0.o
 .data          0x00000000        0x0 c:/program files (x86)/gnu arm embedded toolchain/10 2021.10/bin/../lib/gcc/arm-none-eabi/10.3.1/../../../../arm-none-eabi/lib/thumb/v7e-m+fp/hard/crt0.o
 .bss           0x00000000        0x0 c:/program files (x86)/gnu arm embedded toolchain/10 2021.10/bin/../lib/gcc/arm-none-eabi/10.3.1/../../../../arm-none-eabi/lib/thumb/v7e-m+fp/hard/crt0.o
 .ARM.extab     0x00000000        0x0 c:/program files (x86)/gnu arm embedded toolchain/10 2021.10/bin/../lib/gcc/arm-none-eabi/10.3.1/../../../../arm-none-eabi/lib/thumb/v7e-m+fp/hard/crt0.o
 .ARM.exidx     0x00000000       0x10 c:/program files (x86)/gnu arm embedded toolchain/10 2021.10/bin/../lib/gcc/arm-none-eabi/10.3.1/../../../../arm-none-eabi/lib/thumb/v7e-m+fp/hard/crt0.o
 .ARM.attributes
                0x00000000       0x1c c:/program files (x86)/gnu arm embedded toolchain/10 2021.10/bin/../lib/gcc/arm-none-eabi/10.3.1/../../../../arm-none-eabi/lib/thumb/v7e-m+fp/hard/crt0.o
 .text          0x00000000        0x0 build/main.o
 .data          0x00000000        0x0 build/main.o
 .bss           0x00000000        0x0 build/main.o
[...]
Memory Configuration

Name             Origin             Length             Attributes
RAM              0x20000000         0x000a0000         xrw
RAM2             0x10000000         0x00010000         xrw
RAM3             0x20040000         0x00060000         xrw
FLASH            0x08000000         0x00200000         xr
*default*        0x00000000         0xffffffff

Linker script and memory map

LOAD c:/program files (x86)/gnu arm embedded toolchain/10 2021.10/bin/../lib/gcc/arm-none-eabi/10.3.1/thumb/v7e-m+fp/hard/crti.o
LOAD c:/program files (x86)/gnu arm embedded toolchain/10 2021.10/bin/../lib/gcc/arm-none-eabi/10.3.1/thumb/v7e-m+fp/hard/crtbegin.o
LOAD c:/program files (x86)/gnu arm embedded toolchain/10 2021.10/bin/../lib/gcc/arm-none-eabi/10.3.1/../../../../arm-none-eabi/lib/thumb/v7e-m+fp/hard/crt0.o
LOAD build/main.o
LOAD build/stm32l4xx_it.o
LOAD build/stm32l4xx_hal_msp.o
LOAD build/stm32l4xx_hal_tim.o
LOAD build/stm32l4xx_hal_tim_ex.o
LOAD build/stm32l4xx_hal.o
LOAD build/stm32l4xx_hal_i2c.o
LOAD build/stm32l4xx_hal_i2c_ex.o
LOAD build/stm32l4xx_hal_rcc.o
LOAD build/stm32l4xx_hal_rcc_ex.o
LOAD build/stm32l4xx_hal_flash.o
LOAD build/stm32l4xx_hal_flash_ex.o
LOAD build/stm32l4xx_hal_flash_ramfunc.o
LOAD build/stm32l4xx_hal_gpio.o
LOAD build/stm32l4xx_hal_dma.o
LOAD build/stm32l4xx_hal_dma_ex.o
LOAD build/stm32l4xx_hal_pwr.o
LOAD build/stm32l4xx_hal_pwr_ex.o
LOAD build/stm32l4xx_hal_cortex.o
LOAD build/stm32l4xx_hal_exti.o
LOAD build/system_stm32l4xx.o
LOAD build/input.o
LOAD build/output.o
LOAD build/lcd.o
LOAD build/stm32l4xx_hal_uart.o
LOAD build/stm32l4xx_hal_uart_ex.o
LOAD build/stm32l4xx_hal_adc.o
LOAD build/stm32l4xx_hal_adc_ex.o
LOAD build/startup_stm32l4r5xx.o
LOAD c:/program files (x86)/gnu arm embedded toolchain/10 2021.10/bin/../lib/gcc/arm-none-eabi/10.3.1/../../../../arm-none-eabi/lib/thumb/v7e-m+fp/hard\libc_nano.a
LOAD c:/program files (x86)/gnu arm embedded toolchain/10 2021.10/bin/../lib/gcc/arm-none-eabi/10.3.1/../../../../arm-none-eabi/lib/thumb/v7e-m+fp/hard\libm.a
LOAD c:/program files (x86)/gnu arm embedded toolchain/10 2021.10/bin/../lib/gcc/arm-none-eabi/10.3.1/../../../../arm-none-eabi/lib/thumb/v7e-m+fp/hard\libnosys.a
START GROUP
LOAD c:/program files (x86)/gnu arm embedded toolchain/10 2021.10/bin/../lib/gcc/arm-none-eabi/10.3.1/thumb/v7e-m+fp/hard\libgcc.a
LOAD c:/program files (x86)/gnu arm embedded toolchain/10 2021.10/bin/../lib/gcc/arm-none-eabi/10.3.1/../../../../arm-none-eabi/lib/thumb/v7e-m+fp/hard\libc_nano.a
END GROUP
START GROUP
LOAD c:/program files (x86)/gnu arm embedded toolchain/10 2021.10/bin/../lib/gcc/arm-none-eabi/10.3.1/thumb/v7e-m+fp/hard\libgcc.a
LOAD c:/program files (x86)/gnu arm embedded toolchain/10 2021.10/bin/../lib/gcc/arm-none-eabi/10.3.1/../../../../arm-none-eabi/lib/thumb/v7e-m+fp/hard\libc_nano.a
END GROUP
LOAD c:/program files (x86)/gnu arm embedded toolchain/10 2021.10/bin/../lib/gcc/arm-none-eabi/10.3.1/thumb/v7e-m+fp/hard/crtend.o
LOAD c:/program files (x86)/gnu arm embedded toolchain/10 2021.10/bin/../lib/gcc/arm-none-eabi/10.3.1/thumb/v7e-m+fp/hard/crtn.o
                0x200a0000                _estack = (ORIGIN (RAM) + LENGTH (RAM))
                0x00000200                _Min_Heap_Size = 0x200
                0x00000400                _Min_Stack_Size = 0x400

.isr_vector     0x08000000      0x1c0
                0x08000000                . = ALIGN (0x8)
 *(.isr_vector)
 .isr_vector    0x08000000      0x1bc build/startup_stm32l4r5xx.o
                0x08000000                g_pfnVectors
                0x080001c0                . = ALIGN (0x8)
 *fill*         0x080001bc        0x4 

.text           0x080001c0     0x30f0
                0x080001c0                . = ALIGN (0x8)
 *(.text)
 .text          0x080001c0       0x40 c:/program files (x86)/gnu arm embedded toolchain/10 2021.10/bin/../lib/gcc/arm-none-eabi/10.3.1/thumb/v7e-m+fp/hard/crtbegin.o
 .text          0x08000200       0x30 c:/program files (x86)/gnu arm embedded toolchain/10 2021.10/bin/../lib/gcc/arm-none-eabi/10.3.1/thumb/v7e-m+fp/hard\libgcc.a(_aeabi_uldivmod.o)
                0x08000200                __aeabi_uldivmod
 .text          0x08000230      0x2d0 c:/program files (x86)/gnu arm embedded toolchain/10 2021.10/bin/../lib/gcc/arm-none-eabi/10.3.1/thumb/v7e-m+fp/hard\libgcc.a(_udivmoddi4.o)
                0x08000230                __udivmoddi4
 .text          0x08000500        0x4 c:/program files (x86)/gnu arm embedded toolchain/10 2021.10/bin/../lib/gcc/arm-none-eabi/10.3.1/thumb/v7e-m+fp/hard\libgcc.a(_dvmd_tls.o)
                0x08000500                __aeabi_idiv0
                0x08000500                __aeabi_ldiv0
 *(.text*)
 .text.MX_GPIO_Init
                0x08000504      0x118 build/main.o
 .text.Error_Handler
                0x0800061c        0x4 build/main.o
                0x0800061c                Error_Handler
 .text.MX_UART4_Init
                0x08000620       0x60 build/main.o
 .text.MX_UART5_Init
                0x08000680       0x60 build/main.o
 .text.MX_ADC1_Init
                0x080006e0       0x80 build/main.o
 .text.SystemClock_Config
                0x08000760       0x66 build/main.o
                0x08000760                SystemClock_Config
 *fill*         0x080007c6        0x2 
 .text.main     0x080007c8      0x100 build/main.o
                0x080007c8                main
 .text.NMI_Handler
                0x080008c8        0x2 build/stm32l4xx_it.o
                0x080008c8                NMI_Handler
 .text.HardFault_Handler
                0x080008ca        0x2 build/stm32l4xx_it.o
                0x080008ca                HardFault_Handler
 .text.MemManage_Handler
                0x080008cc        0x2 build/stm32l4xx_it.o
                0x080008cc                MemManage_Handler
 .text.BusFault_Handler
                0x080008ce        0x2 build/stm32l4xx_it.o
                0x080008ce                BusFault_Handler
 .text.UsageFault_Handler
                0x080008d0        0x2 build/stm32l4xx_it.o
                0x080008d0                UsageFault_Handler
 .text.SVC_Handler
                0x080008d2        0x2 build/stm32l4xx_it.o
                0x080008d2                SVC_Handler
 .text.DebugMon_Handler
                0x080008d4        0x2 build/stm32l4xx_it.o
                0x080008d4                DebugMon_Handler
 .text.PendSV_Handler
                0x080008d6        0x2 build/stm32l4xx_it.o
                0x080008d6                PendSV_Handler
 .text.SysTick_Handler
                0x080008d8        0x8 build/stm32l4xx_it.o
                0x080008d8                SysTick_Handler
 .text.HAL_MspInit
                0x080008e0       0x30 build/stm32l4xx_hal_msp.o
                0x080008e0                HAL_MspInit
 .text.HAL_ADC_MspInit
                0x08000910       0xa0 build/stm32l4xx_hal_msp.o
                0x08000910                HAL_ADC_MspInit
 .text.HAL_UART_MspInit
                0x080009b0      0x118 build/stm32l4xx_hal_msp.o
                0x080009b0                HAL_UART_MspInit
 .text.HAL_InitTick
                0x08000ac8       0x50 build/stm32l4xx_hal.o
                0x08000ac8                HAL_InitTick
 .text.HAL_Init
                0x08000b18       0x1e build/stm32l4xx_hal.o
                0x08000b18                HAL_Init
 *fill*         0x08000b36        0x2 
 .text.HAL_IncTick
                0x08000b38       0x18 build/stm32l4xx_hal.o
                0x08000b38                HAL_IncTick
 .text.HAL_GetTick
                0x08000b50        0xc build/stm32l4xx_hal.o
                0x08000b50                HAL_GetTick
 .text.HAL_Delay
                0x08000b5c       0x28 build/stm32l4xx_hal.o
                0x08000b5c                HAL_Delay
 .text.RCC_GetSysClockFreqFromPLLSource
                0x08000b84       0x7c build/stm32l4xx_hal_rcc.o
 .text.RCC_SetFlashLatencyFromMSIRange
                0x08000c00       0x8c build/stm32l4xx_hal_rcc.o
 .text.HAL_RCC_GetSysClockFreq
                0x08000c8c       0xb4 build/stm32l4xx_hal_rcc.o
                0x08000c8c                HAL_RCC_GetSysClockFreq
 .text.HAL_RCC_OscConfig
                0x08000d40      0x67c build/stm32l4xx_hal_rcc.o
                0x08000d40                HAL_RCC_OscConfig
 .text.HAL_RCC_ClockConfig
                0x080013bc      0x204 build/stm32l4xx_hal_rcc.o
                0x080013bc                HAL_RCC_ClockConfig
 .text.HAL_RCC_GetHCLKFreq
                0x080015c0        0xc build/stm32l4xx_hal_rcc.o
                0x080015c0                HAL_RCC_GetHCLKFreq
 .text.HAL_RCC_GetPCLK1Freq
                0x080015cc       0x24 build/stm32l4xx_hal_rcc.o
                0x080015cc                HAL_RCC_GetPCLK1Freq
 .text.HAL_RCC_GetPCLK2Freq
                0x080015f0       0x24 build/stm32l4xx_hal_rcc.o
                0x080015f0                HAL_RCC_GetPCLK2Freq
 .text.RCCEx_PLLSAI2_Config
                0x08001614      0x168 build/stm32l4xx_hal_rcc_ex.o
 .text.RCCEx_PLLSAI1_Config
                0x0800177c      0x168 build/stm32l4xx_hal_rcc_ex.o
 .text.HAL_RCCEx_PeriphCLKConfig
                0x080018e4      0x4dc build/stm32l4xx_hal_rcc_ex.o
                0x080018e4                HAL_RCCEx_PeriphCLKConfig
 .text.HAL_GPIO_Init
                0x08001dc0      0x1f0 build/stm32l4xx_hal_gpio.o
                0x08001dc0                HAL_GPIO_Init
 .text.HAL_GPIO_ReadPin
                0x08001fb0        0xe build/stm32l4xx_hal_gpio.o
                0x08001fb0                HAL_GPIO_ReadPin
 .text.HAL_GPIO_WritePin
                0x08001fbe        0xa build/stm32l4xx_hal_gpio.o
                0x08001fbe                HAL_GPIO_WritePin
 .text.HAL_PWREx_GetVoltageRange
                0x08001fc8       0x24 build/stm32l4xx_hal_pwr_ex.o
                0x08001fc8                HAL_PWREx_GetVoltageRange
 .text.HAL_PWREx_ControlVoltageScaling
                0x08001fec      0x10c build/stm32l4xx_hal_pwr_ex.o
                0x08001fec                HAL_PWREx_ControlVoltageScaling
 .text.HAL_NVIC_SetPriorityGrouping
                0x080020f8       0x24 build/stm32l4xx_hal_cortex.o
                0x080020f8                HAL_NVIC_SetPriorityGrouping
 .text.HAL_NVIC_SetPriority
                0x0800211c       0x70 build/stm32l4xx_hal_cortex.o
                0x0800211c                HAL_NVIC_SetPriority
 .text.HAL_SYSTICK_Config
                0x0800218c       0x28 build/stm32l4xx_hal_cortex.o
                0x0800218c                HAL_SYSTICK_Config
 .text.SystemInit
                0x080021b4       0x14 build/system_stm32l4xx.o
                0x080021b4                SystemInit
 .text.outputinit
                0x080021c8       0xdc build/output.o
                0x080021c8                outputinit
 .text.clearpin
                0x080022a4        0xa build/output.o
                0x080022a4                clearpin
 *fill*         0x080022ae        0x2 
 .text.enable_pulse
                0x080022b0       0x30 build/lcd.o
 .text.write_data
                0x080022e0       0x8c build/lcd.o
 .text.send_command
                0x0800236c       0x24 build/lcd.o
 .text.lcd_init
                0x08002390       0x78 build/lcd.o
                0x08002390                lcd_init
 .text.UART_SetConfig
                0x08002408      0x388 build/stm32l4xx_hal_uart.o
                0x08002408                UART_SetConfig
 .text.UART_AdvFeatureConfig
                0x08002790       0xca build/stm32l4xx_hal_uart.o
                0x08002790                UART_AdvFeatureConfig
 .text.UART_WaitOnFlagUntilTimeout
                0x0800285a       0xdc build/stm32l4xx_hal_uart.o
                0x0800285a                UART_WaitOnFlagUntilTimeout
 .text.UART_CheckIdleState
                0x08002936       0x74 build/stm32l4xx_hal_uart.o
                0x08002936                UART_CheckIdleState
 .text.HAL_UART_Init
                0x080029aa       0x66 build/stm32l4xx_hal_uart.o
                0x080029aa                HAL_UART_Init
 .text.UARTEx_SetNbDataToProcess
                0x08002a10       0x4c build/stm32l4xx_hal_uart_ex.o
 .text.HAL_UARTEx_DisableFifoMode
                0x08002a5c       0x3e build/stm32l4xx_hal_uart_ex.o
                0x08002a5c                HAL_UARTEx_DisableFifoMode
 .text.HAL_UARTEx_SetTxFifoThreshold
                0x08002a9a       0x4a build/stm32l4xx_hal_uart_ex.o
                0x08002a9a                HAL_UARTEx_SetTxFifoThreshold
 .text.HAL_UARTEx_SetRxFifoThreshold
                0x08002ae4       0x4a build/stm32l4xx_hal_uart_ex.o
                0x08002ae4                HAL_UARTEx_SetRxFifoThreshold
 *fill*         0x08002b2e        0x2 
 .text.HAL_ADC_Init
                0x08002b30      0x1e0 build/stm32l4xx_hal_adc.o
                0x08002b30                HAL_ADC_Init
 .text.HAL_ADC_ConfigChannel
                0x08002d10      0x4d8 build/stm32l4xx_hal_adc.o
                0x08002d10                HAL_ADC_ConfigChannel
 .text.Reset_Handler
                0x080031e8       0x50 build/startup_stm32l4r5xx.o
                0x080031e8                Reset_Handler
 .text.Default_Handler
                0x08003238        0x2 build/startup_stm32l4r5xx.o
                0x08003238                RTC_Alarm_IRQHandler
                0x08003238                EXTI2_IRQHandler
                0x08003238                TIM8_TRG_COM_IRQHandler
                0x08003238                TIM8_CC_IRQHandler
                0x08003238                TIM1_CC_IRQHandler
                0x08003238                TSC_IRQHandler
                0x08003238                TAMP_STAMP_IRQHandler
                0x08003238                EXTI3_IRQHandler
                0x08003238                LPTIM2_IRQHandler
                0x08003238                DFSDM1_FLT1_IRQHandler
                0x08003238                GFXMMU_IRQHandler
                0x08003238                I2C3_ER_IRQHandler
                0x08003238                DFSDM1_FLT2_IRQHandler
                0x08003238                EXTI0_IRQHandler
                0x08003238                I2C2_EV_IRQHandler
                0x08003238                CAN1_RX0_IRQHandler
                0x08003238                FPU_IRQHandler
                0x08003238                TIM1_UP_TIM16_IRQHandler
                0x08003238                LTDC_ER_IRQHandler
                0x08003238                SPI1_IRQHandler
                0x08003238                OCTOSPI1_IRQHandler
                0x08003238                TIM6_DAC_IRQHandler
                0x08003238                DCMI_IRQHandler
                0x08003238                TIM8_UP_IRQHandler
                0x08003238                OCTOSPI2_IRQHandler
                0x08003238                DMA2_Channel2_IRQHandler
                0x08003238                DMA1_Channel4_IRQHandler
                0x08003238                SAI2_IRQHandler
                0x08003238                ADC1_IRQHandler
                0x08003238                DFSDM1_FLT3_IRQHandler
                0x08003238                USART3_IRQHandler
                0x08003238                DMA1_Channel7_IRQHandler
                0x08003238                CAN1_RX1_IRQHandler
                0x08003238                UART5_IRQHandler
                0x08003238                TIM4_IRQHandler
                0x08003238                DMA2_Channel1_IRQHandler
                0x08003238                I2C1_EV_IRQHandler
                0x08003238                DMAMUX1_OVR_IRQHandler
                0x08003238                DMA1_Channel6_IRQHandler
                0x08003238                UART4_IRQHandler
                0x08003238                DMA2_Channel4_IRQHandler
                0x08003238                TIM3_IRQHandler
                0x08003238                RCC_IRQHandler
                0x08003238                DMA1_Channel1_IRQHandler
                0x08003238                Default_Handler
                0x08003238                DMA2_Channel7_IRQHandler
                0x08003238                EXTI15_10_IRQHandler
                0x08003238                TIM7_IRQHandler
                0x08003238                SDMMC1_IRQHandler
                0x08003238                TIM5_IRQHandler
                0x08003238                I2C3_EV_IRQHandler
                0x08003238                EXTI9_5_IRQHandler
                0x08003238                RTC_WKUP_IRQHandler
                0x08003238                LTDC_IRQHandler
                0x08003238                PVD_PVM_IRQHandler
                0x08003238                SPI2_IRQHandler
                0x08003238                CAN1_TX_IRQHandler
                0x08003238                DMA2_Channel5_IRQHandler
                0x08003238                CRS_IRQHandler
                0x08003238                DMA1_Channel5_IRQHandler
                0x08003238                EXTI4_IRQHandler
                0x08003238                RNG_IRQHandler
                0x08003238                TIM1_TRG_COM_TIM17_IRQHandler
                0x08003238                DMA1_Channel3_IRQHandler
                0x08003238                COMP_IRQHandler
                0x08003238                WWDG_IRQHandler
                0x08003238                I2C4_EV_IRQHandler
                0x08003238                LPUART1_IRQHandler
                0x08003238                DMA2_Channel6_IRQHandler
                0x08003238                TIM2_IRQHandler
                0x08003238                DMA2D_IRQHandler
                0x08003238                EXTI1_IRQHandler
                0x08003238                USART2_IRQHandler
                0x08003238                DFSDM1_FLT0_IRQHandler
                0x08003238                I2C2_ER_IRQHandler
                0x08003238                DMA1_Channel2_IRQHandler
                0x08003238                TIM8_BRK_IRQHandler
                0x08003238                CAN1_SCE_IRQHandler
                0x08003238                FLASH_IRQHandler
                0x08003238                USART1_IRQHandler
                0x08003238                OTG_FS_IRQHandler
                0x08003238                SPI3_IRQHandler
                0x08003238                I2C1_ER_IRQHandler
                0x08003238                FMC_IRQHandler
                0x08003238                LPTIM1_IRQHandler
                0x08003238                I2C4_ER_IRQHandler
                0x08003238                SAI1_IRQHandler
                0x08003238                DMA2_Channel3_IRQHandler
                0x08003238                TIM1_BRK_TIM15_IRQHandler
 *fill*         0x0800323a        0x2 
 .text.__libc_init_array
                0x0800323c       0x48 c:/program files (x86)/gnu arm embedded toolchain/10 2021.10/bin/../lib/gcc/arm-none-eabi/10.3.1/../../../../arm-none-eabi/lib/thumb/v7e-m+fp/hard\libc_nano.a(lib_a-init.o)
                0x0800323c                __libc_init_array
 .text.memset   0x08003284       0x10 c:/program files (x86)/gnu arm embedded toolchain/10 2021.10/bin/../lib/gcc/arm-none-eabi/10.3.1/../../../../arm-none-eabi/lib/thumb/v7e-m+fp/hard\libc_nano.a(lib_a-memset.o)
                0x08003284                memset
 *(.glue_7)
 .glue_7        0x08003294        0x0 linker stubs
 *(.glue_7t)
 .glue_7t       0x08003294        0x0 linker stubs
 *(.eh_frame)
 .eh_frame      0x08003294        0x0 c:/program files (x86)/gnu arm embedded toolchain/10 2021.10/bin/../lib/gcc/arm-none-eabi/10.3.1/thumb/v7e-m+fp/hard/crtbegin.o
 *(.init)
 .init          0x08003294        0x4 c:/program files (x86)/gnu arm embedded toolchain/10 2021.10/bin/../lib/gcc/arm-none-eabi/10.3.1/thumb/v7e-m+fp/hard/crti.o
                0x08003294                _init
 .init          0x08003298        0x8 c:/program files (x86)/gnu arm embedded toolchain/10 2021.10/bin/../lib/gcc/arm-none-eabi/10.3.1/thumb/v7e-m+fp/hard/crtn.o
 *(.fini)
 .fini          0x080032a0        0x4 c:/program files (x86)/gnu arm embedded toolchain/10 2021.10/bin/../lib/gcc/arm-none-eabi/10.3.1/thumb/v7e-m+fp/hard/crti.o
                0x080032a0                _fini
 .fini          0x080032a4        0x8 c:/program files (x86)/gnu arm embedded toolchain/10 2021.10/bin/../lib/gcc/arm-none-eabi/10.3.1/thumb/v7e-m+fp/hard/crtn.o
                0x080032b0                . = ALIGN (0x8)
 *fill*         0x080032ac        0x4 
                0x080032b0                _etext = .

.vfp11_veneer   0x080032b0        0x0
 .vfp11_veneer  0x080032b0        0x0 linker stubs

.v4_bx          0x080032b0        0x0
 .v4_bx         0x080032b0        0x0 linker stubs

.iplt           0x080032b0        0x0
 .iplt          0x080032b0        0x0 c:/program files (x86)/gnu arm embedded toolchain/10 2021.10/bin/../lib/gcc/arm-none-eabi/10.3.1/thumb/v7e-m+fp/hard/crtbegin.o

.rodata         0x080032b0       0x70
                0x080032b0                . = ALIGN (0x8)
 *(.rodata)
 *(.rodata*)
 .rodata.AHBPrescTable
                0x080032b0       0x10 build/system_stm32l4xx.o
                0x080032b0                AHBPrescTable
 .rodata.APBPrescTable
                0x080032c0        0x8 build/system_stm32l4xx.o
                0x080032c0                APBPrescTable
 .rodata.MSIRangeTable
                0x080032c8       0x30 build/system_stm32l4xx.o
                0x080032c8                MSIRangeTable
 .rodata.UARTPrescTable
                0x080032f8       0x18 build/stm32l4xx_hal_uart.o
                0x080032f8                UARTPrescTable
 .rodata.denominator.0
                0x08003310        0x8 build/stm32l4xx_hal_uart_ex.o
 .rodata.numerator.1
                0x08003318        0x8 build/stm32l4xx_hal_uart_ex.o
                0x08003320                . = ALIGN (0x8)

.ARM.extab      0x08003320        0x0
                0x08003320                . = ALIGN (0x8)
 *(.ARM.extab* .gnu.linkonce.armextab.*)
                0x08003320                . = ALIGN (0x8)

.ARM            0x08003320        0x8
                0x08003320                . = ALIGN (0x8)
                0x08003320                __exidx_start = .
 *(.ARM.exidx*)
 .ARM.exidx     0x08003320        0x8 c:/program files (x86)/gnu arm embedded toolchain/10 2021.10/bin/../lib/gcc/arm-none-eabi/10.3.1/thumb/v7e-m+fp/hard\libgcc.a(_udivmoddi4.o)
                0x08003328                __exidx_end = .
                0x08003328                . = ALIGN (0x8)

.rel.dyn        0x08003328        0x0
 .rel.iplt      0x08003328        0x0 c:/program files (x86)/gnu arm embedded toolchain/10 2021.10/bin/../lib/gcc/arm-none-eabi/10.3.1/thumb/v7e-m+fp/hard/crtbegin.o

.preinit_array  0x08003328        0x0
                0x08003328                . = ALIGN (0x8)
                0x08003328                PROVIDE (__preinit_array_start = .)
 *(.preinit_array*)
                0x08003328                PROVIDE (__preinit_array_end = .)
                0x08003328                . = ALIGN (0x8)

.init_array     0x08003328        0x8
                0x08003328                . = ALIGN (0x8)
                0x08003328                PROVIDE (__init_array_start = .)
 *(SORT_BY_NAME(.init_array.*))
 *(.init_array*)
 .init_array    0x08003328        0x4 c:/program files (x86)/gnu arm embedded toolchain/10 2021.10/bin/../lib/gcc/arm-none-eabi/10.3.1/thumb/v7e-m+fp/hard/crtbegin.o
                0x0800332c                PROVIDE (__init_array_end = .)
                0x08003330                . = ALIGN (0x8)
 *fill*         0x0800332c        0x4 

.fini_array     0x08003330        0x8
                0x08003330                . = ALIGN (0x8)
                [!provide]                PROVIDE (__fini_array_start = .)
 *(SORT_BY_NAME(.fini_array.*))
 *(.fini_array*)
 .fini_array    0x08003330        0x4 c:/program files (x86)/gnu arm embedded toolchain/10 2021.10/bin/../lib/gcc/arm-none-eabi/10.3.1/thumb/v7e-m+fp/hard/crtbegin.o
                [!provide]                PROVIDE (__fini_array_end = .)
                0x08003338                . = ALIGN (0x8)
 *fill*         0x08003334        0x4 
                0x08003338                _sidata = LOADADDR (.data)

.data           0x20000000       0x10 load address 0x08003338
                0x20000000                . = ALIGN (0x8)
                0x20000000                _sdata = .
 *(.data)
 *(.data*)
 .data.uwTickFreq
                0x20000000        0x1 build/stm32l4xx_hal.o
                0x20000000                uwTickFreq
 *fill*         0x20000001        0x3 
 .data.uwTickPrio
                0x20000004        0x4 build/stm32l4xx_hal.o
                0x20000004                uwTickPrio
 .data.SystemCoreClock
                0x20000008        0x4 build/system_stm32l4xx.o
                0x20000008                SystemCoreClock
                0x20000010                . = ALIGN (0x8)
 *fill*         0x2000000c        0x4 
                0x20000010                _edata = .

.igot.plt       0x20000010        0x0 load address 0x08003348
 .igot.plt      0x20000010        0x0 c:/program files (x86)/gnu arm embedded toolchain/10 2021.10/bin/../lib/gcc/arm-none-eabi/10.3.1/thumb/v7e-m+fp/hard/crtbegin.o
                0x20000010                . = ALIGN (0x4)

.bss            0x20000010      0x1a8 load address 0x08003348
                0x20000010                _sbss = .
                0x20000010                __bss_start__ = _sbss
 *(.bss)
 .bss           0x20000010       0x1c c:/program files (x86)/gnu arm embedded toolchain/10 2021.10/bin/../lib/gcc/arm-none-eabi/10.3.1/thumb/v7e-m+fp/hard/crtbegin.o
 *(.bss*)
 .bss.hadc1     0x2000002c       0x68 build/main.o
                0x2000002c                hadc1
 .bss.huart4    0x20000094       0x90 build/main.o
                0x20000094                huart4
 .bss.huart5    0x20000124       0x90 build/main.o
                0x20000124                huart5
 .bss.uwTick    0x200001b4        0x4 build/stm32l4xx_hal.o
                0x200001b4                uwTick
 *(COMMON)
                0x200001b8                . = ALIGN (0x4)
                0x200001b8                _ebss = .
                0x200001b8                __bss_end__ = _ebss

._user_heap_stack
                0x200001b8      0x600 load address 0x08003348
                0x200001b8                . = ALIGN (0x8)
                [!provide]                PROVIDE (end = .)
                [!provide]                PROVIDE (_end = .)
                0x200003b8                . = (. + _Min_Heap_Size)
 *fill*         0x200001b8      0x200 
                0x200007b8                . = (. + _Min_Stack_Size)
 *fill*         0x200003b8      0x400 
                0x200007b8                . = ALIGN (0x8)

/DISCARD/
 libc.a(*)
 libm.a(*)
 libgcc.a(*)

.ARM.attributes
                0x00000000       0x30
 *(.ARM.attributes)
 .ARM.attributes
                0x00000000       0x1e c:/program files (x86)/gnu arm embedded toolchain/10 2021.10/bin/../lib/gcc/arm-none-eabi/10.3.1/thumb/v7e-m+fp/hard/crti.o
 .ARM.attributes
                0x0000001e       0x34 c:/program files (x86)/gnu arm embedded toolchain/10 2021.10/bin/../lib/gcc/arm-none-eabi/10.3.1/thumb/v7e-m+fp/hard/crtbegin.o
 .ARM.attributes
                0x00000052       0x34 build/main.o
 .ARM.attributes
                0x00000086       0x34 build/stm32l4xx_it.o
 .ARM.attributes
                0x000000ba       0x34 build/stm32l4xx_hal_msp.o
 .ARM.attributes
                0x000000ee       0x34 build/stm32l4xx_hal.o
 .ARM.attributes
                0x00000122       0x34 build/stm32l4xx_hal_rcc.o
 .ARM.attributes
                0x00000156       0x34 build/stm32l4xx_hal_rcc_ex.o
 .ARM.attributes
                0x0000018a       0x34 build/stm32l4xx_hal_gpio.o
 .ARM.attributes
                0x000001be       0x34 build/stm32l4xx_hal_pwr_ex.o
 .ARM.attributes
                0x000001f2       0x34 build/stm32l4xx_hal_cortex.o
 .ARM.attributes
                0x00000226       0x34 build/system_stm32l4xx.o
 .ARM.attributes
                0x0000025a       0x34 build/output.o
 .ARM.attributes
                0x0000028e       0x34 build/lcd.o
 .ARM.attributes
                0x000002c2       0x34 build/stm32l4xx_hal_uart.o
 .ARM.attributes
                0x000002f6       0x34 build/stm32l4xx_hal_uart_ex.o
 .ARM.attributes
                0x0000032a       0x34 build/stm32l4xx_hal_adc.o
 .ARM.attributes
                0x0000035e       0x21 build/startup_stm32l4r5xx.o
 .ARM.attributes
                0x0000037f       0x34 c:/program files (x86)/gnu arm embedded toolchain/10 2021.10/bin/../lib/gcc/arm-none-eabi/10.3.1/../../../../arm-none-eabi/lib/thumb/v7e-m+fp/hard\libc_nano.a(lib_a-init.o)
 .ARM.attributes
                0x000003b3       0x34 c:/program files (x86)/gnu arm embedded toolchain/10 2021.10/bin/../lib/gcc/arm-none-eabi/10.3.1/../../../../arm-none-eabi/lib/thumb/v7e-m+fp/hard\libc_nano.a(lib_a-memset.o)
 .ARM.attributes
                0x000003e7       0x1e c:/program files (x86)/gnu arm embedded toolchain/10 2021.10/bin/../lib/gcc/arm-none-eabi/10.3.1/thumb/v7e-m+fp/hard\libgcc.a(_aeabi_uldivmod.o)
 .ARM.attributes
                0x00000405       0x34 c:/program files (x86)/gnu arm embedded toolchain/10 2021.10/bin/../lib/gcc/arm-none-eabi/10.3.1/thumb/v7e-m+fp/hard\libgcc.a(_udivmoddi4.o)
 .ARM.attributes
                0x00000439       0x1e c:/program files (x86)/gnu arm embedded toolchain/10 2021.10/bin/../lib/gcc/arm-none-eabi/10.3.1/thumb/v7e-m+fp/hard\libgcc.a(_dvmd_tls.o)
 .ARM.attributes
                0x00000457       0x1e c:/program files (x86)/gnu arm embedded toolchain/10 2021.10/bin/../lib/gcc/arm-none-eabi/10.3.1/thumb/v7e-m+fp/hard/crtn.o
OUTPUT(build/STM32L4xxx.elf elf32-littlearm)
LOAD linker stubs
LOAD c:/program files (x86)/gnu arm embedded toolchain/10 2021.10/bin/../lib/gcc/arm-none-eabi/10.3.1/../../../../arm-none-eabi/lib/thumb/v7e-m+fp/hard\libc.a
LOAD c:/program files (x86)/gnu arm embedded toolchain/10 2021.10/bin/../lib/gcc/arm-none-eabi/10.3.1/../../../../arm-none-eabi/lib/thumb/v7e-m+fp/hard\libm.a
LOAD c:/program files (x86)/gnu arm embedded toolchain/10 2021.10/bin/../lib/gcc/arm-none-eabi/10.3.1/thumb/v7e-m+fp/hard\libgcc.a

.debug_info     0x00000000    0x154b8
 .debug_info    0x00000000     0x1bd1 build/main.o
 .debug_info    0x00001bd1      0x15b build/stm32l4xx_it.o
 .debug_info    0x00001d2c     0x17d0 build/stm32l4xx_hal_msp.o
 .debug_info    0x000034fc      0xd4c build/stm32l4xx_hal.o
 .debug_info    0x00004248     0x122b build/stm32l4xx_hal_rcc.o
 .debug_info    0x00005473     0x1805 build/stm32l4xx_hal_rcc_ex.o
 .debug_info    0x00006c78      0x95f build/stm32l4xx_hal_gpio.o
 .debug_info    0x000075d7      0xc4b build/stm32l4xx_hal_pwr_ex.o
 .debug_info    0x00008222     0x1192 build/stm32l4xx_hal_cortex.o
 .debug_info    0x000093b4      0x6b5 build/system_stm32l4xx.o
 .debug_info    0x00009a69      0x682 build/output.o
 .debug_info    0x0000a0eb      0x675 build/lcd.o
 .debug_info    0x0000a760     0x64b3 build/stm32l4xx_hal_uart.o
 .debug_info    0x00010c13     0x139a build/stm32l4xx_hal_uart_ex.o
 .debug_info    0x00011fad     0x34e9 build/stm32l4xx_hal_adc.o
 .debug_info    0x00015496       0x22 build/startup_stm32l4r5xx.o

.debug_abbrev   0x00000000     0x21a2
 .debug_abbrev  0x00000000      0x277 build/main.o
 .debug_abbrev  0x00000277       0x81 build/stm32l4xx_it.o
 .debug_abbrev  0x000002f8      0x1d7 build/stm32l4xx_hal_msp.o
 .debug_abbrev  0x000004cf      0x249 build/stm32l4xx_hal.o
 .debug_abbrev  0x00000718      0x2b9 build/stm32l4xx_hal_rcc.o
 .debug_abbrev  0x000009d1      0x294 build/stm32l4xx_hal_rcc_ex.o
 .debug_abbrev  0x00000c65      0x222 build/stm32l4xx_hal_gpio.o
 .debug_abbrev  0x00000e87      0x234 build/stm32l4xx_hal_pwr_ex.o
 .debug_abbrev  0x000010bb      0x382 build/stm32l4xx_hal_cortex.o
 .debug_abbrev  0x0000143d      0x11b build/system_stm32l4xx.o
 .debug_abbrev  0x00001558      0x161 build/output.o
 .debug_abbrev  0x000016b9      0x1b4 build/lcd.o
 .debug_abbrev  0x0000186d      0x343 build/stm32l4xx_hal_uart.o
 .debug_abbrev  0x00001bb0      0x308 build/stm32l4xx_hal_uart_ex.o
 .debug_abbrev  0x00001eb8      0x2d8 build/stm32l4xx_hal_adc.o
 .debug_abbrev  0x00002190       0x12 build/startup_stm32l4r5xx.o

.debug_loc      0x00000000     0xeacc
 .debug_loc     0x00000000      0x123 build/main.o
 .debug_loc     0x00000123       0x20 build/stm32l4xx_it.o
 .debug_loc     0x00000143      0x217 build/stm32l4xx_hal_msp.o
 .debug_loc     0x0000035a      0x2af build/stm32l4xx_hal.o
 .debug_loc     0x00000609      0xb7e build/stm32l4xx_hal_rcc.o
 .debug_loc     0x00001187     0x2301 build/stm32l4xx_hal_rcc_ex.o
 .debug_loc     0x00003488      0x46f build/stm32l4xx_hal_gpio.o
 .debug_loc     0x000038f7      0xc95 build/stm32l4xx_hal_pwr_ex.o
 .debug_loc     0x0000458c      0x7a4 build/stm32l4xx_hal_cortex.o
 .debug_loc     0x00004d30      0x127 build/system_stm32l4xx.o
 .debug_loc     0x00004e57      0x17c build/output.o
 .debug_loc     0x00004fd3      0x1ed build/lcd.o
 .debug_loc     0x000051c0     0x6217 build/stm32l4xx_hal_uart.o
 .debug_loc     0x0000b3d7      0xe33 build/stm32l4xx_hal_uart_ex.o
 .debug_loc     0x0000c20a     0x28c2 build/stm32l4xx_hal_adc.o

.debug_aranges  0x00000000      0xae0
 .debug_aranges
                0x00000000       0x50 build/main.o
 .debug_aranges
                0x00000050       0x60 build/stm32l4xx_it.o
 .debug_aranges
                0x000000b0       0x40 build/stm32l4xx_hal_msp.o
 .debug_aranges
                0x000000f0      0x130 build/stm32l4xx_hal.o
 .debug_aranges
                0x00000220       0x98 build/stm32l4xx_hal_rcc.o
 .debug_aranges
                0x000002b8      0x110 build/stm32l4xx_hal_rcc_ex.o
 .debug_aranges
                0x000003c8       0x58 build/stm32l4xx_hal_gpio.o
 .debug_aranges
                0x00000420      0x170 build/stm32l4xx_hal_pwr_ex.o
 .debug_aranges
                0x00000590       0xa8 build/stm32l4xx_hal_cortex.o
 .debug_aranges
                0x00000638       0x28 build/system_stm32l4xx.o
 .debug_aranges
                0x00000660       0x30 build/output.o
 .debug_aranges
                0x00000690       0x48 build/lcd.o
 .debug_aranges
                0x000006d8      0x248 build/stm32l4xx_hal_uart.o
 .debug_aranges
                0x00000920       0xa0 build/stm32l4xx_hal_uart_ex.o
 .debug_aranges
                0x000009c0       0xf8 build/stm32l4xx_hal_adc.o
 .debug_aranges
                0x00000ab8       0x28 build/startup_stm32l4r5xx.o

.debug_ranges   0x00000000      0xc40
 .debug_ranges  0x00000000       0x40 build/main.o
 .debug_ranges  0x00000040       0x50 build/stm32l4xx_it.o
 .debug_ranges  0x00000090       0x30 build/stm32l4xx_hal_msp.o
 .debug_ranges  0x000000c0      0x120 build/stm32l4xx_hal.o
 .debug_ranges  0x000001e0       0xa0 build/stm32l4xx_hal_rcc.o
 .debug_ranges  0x00000280      0x118 build/stm32l4xx_hal_rcc_ex.o
 .debug_ranges  0x00000398       0x48 build/stm32l4xx_hal_gpio.o
 .debug_ranges  0x000003e0      0x160 build/stm32l4xx_hal_pwr_ex.o
 .debug_ranges  0x00000540       0xf8 build/stm32l4xx_hal_cortex.o
 .debug_ranges  0x00000638       0x18 build/system_stm32l4xx.o
 .debug_ranges  0x00000650       0x20 build/output.o
 .debug_ranges  0x00000670       0x38 build/lcd.o
 .debug_ranges  0x000006a8      0x238 build/stm32l4xx_hal_uart.o
 .debug_ranges  0x000008e0       0x90 build/stm32l4xx_hal_uart_ex.o
 .debug_ranges  0x00000970      0x2b0 build/stm32l4xx_hal_adc.o
 .debug_ranges  0x00000c20       0x20 build/startup_stm32l4r5xx.o

.debug_line     0x00000000     0xf429
 .debug_line    0x00000000      0x6d8 build/main.o
 .debug_line    0x000006d8      0x177 build/stm32l4xx_it.o
 .debug_line    0x0000084f      0x498 build/stm32l4xx_hal_msp.o
 .debug_line    0x00000ce7      0x6a6 build/stm32l4xx_hal.o
 .debug_line    0x0000138d     0x1050 build/stm32l4xx_hal_rcc.o
 .debug_line    0x000023dd     0x1b8a build/stm32l4xx_hal_rcc_ex.o
 .debug_line    0x00003f67      0x6a4 build/stm32l4xx_hal_gpio.o
 .debug_line    0x0000460b      0xbe3 build/stm32l4xx_hal_pwr_ex.o
 .debug_line    0x000051ee      0x781 build/stm32l4xx_hal_cortex.o
 .debug_line    0x0000596f      0x2a6 build/system_stm32l4xx.o
 .debug_line    0x00005c15      0x281 build/output.o
 .debug_line    0x00005e96      0x297 build/lcd.o
 .debug_line    0x0000612d     0x636c build/stm32l4xx_hal_uart.o
 .debug_line    0x0000c499      0xd07 build/stm32l4xx_hal_uart_ex.o
 .debug_line    0x0000d1a0     0x2213 build/stm32l4xx_hal_adc.o
 .debug_line    0x0000f3b3       0x76 build/startup_stm32l4r5xx.o

.debug_str      0x00000000     0x43f2
 .debug_str     0x00000000      0xddb build/main.o
                                0xed0 (size before relaxing)
 .debug_str     0x00000ddb       0xb4 build/stm32l4xx_it.o
                                0x22b (size before relaxing)
 .debug_str     0x00000e8f      0x35c build/stm32l4xx_hal_msp.o
                                0xecd (size before relaxing)
 .debug_str     0x000011eb      0x9a6 build/stm32l4xx_hal.o
                                0xd46 (size before relaxing)
 .debug_str     0x00001b91      0x349 build/stm32l4xx_hal_rcc.o
                                0x8e4 (size before relaxing)
 .debug_str     0x00001eda      0x54a build/stm32l4xx_hal_rcc_ex.o
                                0xd4b (size before relaxing)
 .debug_str     0x00002424       0xc4 build/stm32l4xx_hal_gpio.o
                                0x55c (size before relaxing)
 .debug_str     0x000024e8      0x592 build/stm32l4xx_hal_pwr_ex.o
                                0x8b2 (size before relaxing)
 .debug_str     0x00002a7a      0x44b build/stm32l4xx_hal_cortex.o
                                0xc53 (size before relaxing)
 .debug_str     0x00002ec5       0x3d build/system_stm32l4xx.o
                                0x3f4 (size before relaxing)
 .debug_str     0x00002f02       0x38 build/output.o
                                0x3ef (size before relaxing)
 .debug_str     0x00002f3a       0x78 build/lcd.o
                                0x2b6 (size before relaxing)
 .debug_str     0x00002fb2      0x8d7 build/stm32l4xx_hal_uart.o
                               0x1218 (size before relaxing)
 .debug_str     0x00003889      0x22c build/stm32l4xx_hal_uart_ex.o
                                0xb39 (size before relaxing)
 .debug_str     0x00003ab5      0x919 build/stm32l4xx_hal_adc.o
                               0x1209 (size before relaxing)
 .debug_str     0x000043ce       0x24 build/startup_stm32l4r5xx.o
                                 0x66 (size before relaxing)

.comment        0x00000000       0x49
 .comment       0x00000000       0x49 build/main.o
                                 0x4a (size before relaxing)
 .comment       0x00000049       0x4a build/stm32l4xx_it.o
 .comment       0x00000049       0x4a build/stm32l4xx_hal_msp.o
 .comment       0x00000049       0x4a build/stm32l4xx_hal.o
 .comment       0x00000049       0x4a build/stm32l4xx_hal_rcc.o
 .comment       0x00000049       0x4a build/stm32l4xx_hal_rcc_ex.o
 .comment       0x00000049       0x4a build/stm32l4xx_hal_gpio.o
 .comment       0x00000049       0x4a build/stm32l4xx_hal_pwr_ex.o
 .comment       0x00000049       0x4a build/stm32l4xx_hal_cortex.o
 .comment       0x00000049       0x4a build/system_stm32l4xx.o
 .comment       0x00000049       0x4a build/output.o
 .comment       0x00000049       0x4a build/lcd.o
 .comment       0x00000049       0x4a build/stm32l4xx_hal_uart.o
 .comment       0x00000049       0x4a build/stm32l4xx_hal_uart_ex.o
 .comment       0x00000049       0x4a build/stm32l4xx_hal_adc.o

.debug_frame    0x00000000     0x1b00
 .debug_frame   0x00000000       0xcc build/main.o
 .debug_frame   0x000000cc       0xa8 build/stm32l4xx_it.o
 .debug_frame   0x00000174       0xa4 build/stm32l4xx_hal_msp.o
 .debug_frame   0x00000218      0x274 build/stm32l4xx_hal.o
 .debug_frame   0x0000048c      0x1b4 build/stm32l4xx_hal_rcc.o
 .debug_frame   0x00000640      0x2c4 build/stm32l4xx_hal_rcc_ex.o
 .debug_frame   0x00000904       0xd0 build/stm32l4xx_hal_gpio.o
 .debug_frame   0x000009d4      0x2d8 build/stm32l4xx_hal_pwr_ex.o
 .debug_frame   0x00000cac      0x148 build/stm32l4xx_hal_cortex.o
 .debug_frame   0x00000df4       0x30 build/system_stm32l4xx.o
 .debug_frame   0x00000e24       0x60 build/output.o
 .debug_frame   0x00000e84       0xac build/lcd.o
 .debug_frame   0x00000f30      0x67c build/stm32l4xx_hal_uart.o
 .debug_frame   0x000015ac      0x1c8 build/stm32l4xx_hal_uart_ex.o
 .debug_frame   0x00001774      0x2e0 build/stm32l4xx_hal_adc.o
 .debug_frame   0x00001a54       0x2c c:/program files (x86)/gnu arm embedded toolchain/10 2021.10/bin/../lib/gcc/arm-none-eabi/10.3.1/../../../../arm-none-eabi/lib/thumb/v7e-m+fp/hard\libc_nano.a(lib_a-init.o)
 .debug_frame   0x00001a80       0x20 c:/program files (x86)/gnu arm embedded toolchain/10 2021.10/bin/../lib/gcc/arm-none-eabi/10.3.1/../../../../arm-none-eabi/lib/thumb/v7e-m+fp/hard\libc_nano.a(lib_a-memset.o)
 .debug_frame   0x00001aa0       0x2c c:/program files (x86)/gnu arm embedded toolchain/10 2021.10/bin/../lib/gcc/arm-none-eabi/10.3.1/thumb/v7e-m+fp/hard\libgcc.a(_aeabi_uldivmod.o)
 .debug_frame   0x00001acc       0x34 c:/program files (x86)/gnu arm embedded toolchain/10 2021.10/bin/../lib/gcc/arm-none-eabi/10.3.1/thumb/v7e-m+fp/hard\libgcc.a(_udivmoddi4.o)

Cross Reference Table

Symbol                                            File
ADC1_IRQHandler                                   build/startup_stm32l4r5xx.o
ADC_ConversionStop                                build/stm32l4xx_hal_adc.o
                                                  build/stm32l4xx_hal_adc_ex.o
ADC_DMAConvCplt                                   build/stm32l4xx_hal_adc.o
ADC_DMAError                                      build/stm32l4xx_hal_adc.o
ADC_DMAHalfConvCplt                               build/stm32l4xx_hal_adc.o
ADC_Disable                                       build/stm32l4xx_hal_adc.o
                                                  build/stm32l4xx_hal_adc_ex.o
ADC_Enable                                        build/stm32l4xx_hal_adc.o
                                                  build/stm32l4xx_hal_adc_ex.o
AHBPrescTable                                     build/system_stm32l4xx.o
                                                  build/stm32l4xx_hal_rcc.o
APBPrescTable                                     build/system_stm32l4xx.o
                                                  build/stm32l4xx_hal_rcc.o
BusFault_Handler                                  build/stm32l4xx_it.o
CAN1_RX0_IRQHandler                               build/startup_stm32l4r5xx.o
CAN1_RX1_IRQHandler                               build/startup_stm32l4r5xx.o
CAN1_SCE_IRQHandler                               build/startup_stm32l4r5xx.o
CAN1_TX_IRQHandler                                build/startup_stm32l4r5xx.o
COMP_IRQHandler                                   build/startup_stm32l4r5xx.o
CRS_IRQHandler                                    build/startup_stm32l4r5xx.o
DCMI_IRQHandler                                   build/startup_stm32l4r5xx.o
DFSDM1_FLT0_IRQHandler                            build/startup_stm32l4r5xx.o
DFSDM1_FLT1_IRQHandler                            build/startup_stm32l4r5xx.o
DFSDM1_FLT2_IRQHandler                            build/startup_stm32l4r5xx.o
DFSDM1_FLT3_IRQHandler                            build/startup_stm32l4r5xx.o
DMA1_Channel1_IRQHandler                          build/startup_stm32l4r5xx.o
DMA1_Channel2_IRQHandler                          build/startup_stm32l4r5xx.o
DMA1_Channel3_IRQHandler                          build/startup_stm32l4r5xx.o
DMA1_Channel4_IRQHandler                          build/startup_stm32l4r5xx.o
DMA1_Channel5_IRQHandler                          build/startup_stm32l4r5xx.o
DMA1_Channel6_IRQHandler                          build/startup_stm32l4r5xx.o
DMA1_Channel7_IRQHandler                          build/startup_stm32l4r5xx.o
DMA2D_IRQHandler                                  build/startup_stm32l4r5xx.o
DMA2_Channel1_IRQHandler                          build/startup_stm32l4r5xx.o
DMA2_Channel2_IRQHandler                          build/startup_stm32l4r5xx.o
DMA2_Channel3_IRQHandler                          build/startup_stm32l4r5xx.o
DMA2_Channel4_IRQHandler                          build/startup_stm32l4r5xx.o
DMA2_Channel5_IRQHandler                          build/startup_stm32l4r5xx.o
DMA2_Channel6_IRQHandler                          build/startup_stm32l4r5xx.o
DMA2_Channel7_IRQHandler                          build/startup_stm32l4r5xx.o
DMAMUX1_OVR_IRQHandler                            build/startup_stm32l4r5xx.o
DebugMon_Handler                                  build/stm32l4xx_it.o
Default_Handler                                   build/startup_stm32l4r5xx.o
EXTI0_IRQHandler                                  build/startup_stm32l4r5xx.o
EXTI15_10_IRQHandler                              build/startup_stm32l4r5xx.o
EXTI1_IRQHandler                                  build/startup_stm32l4r5xx.o
EXTI2_IRQHandler                                  build/startup_stm32l4r5xx.o
EXTI3_IRQHandler                                  build/startup_stm32l4r5xx.o
EXTI4_IRQHandler                                  build/startup_stm32l4r5xx.o
EXTI9_5_IRQHandler                                build/startup_stm32l4r5xx.o
Error_Handler                                     build/main.o
                                                  build/stm32l4xx_hal_msp.o
FLASH_FlushCaches                                 build/stm32l4xx_hal_flash_ex.o
                                                  build/stm32l4xx_hal_flash.o
FLASH_IRQHandler                                  build/startup_stm32l4r5xx.o
FLASH_PageErase                                   build/stm32l4xx_hal_flash_ex.o
                                                  build/stm32l4xx_hal_flash.o
FLASH_WaitForLastOperation                        build/stm32l4xx_hal_flash.o
                                                  build/stm32l4xx_hal_flash_ex.o
FMC_IRQHandler                                    build/startup_stm32l4r5xx.o
FPU_IRQHandler                                    build/startup_stm32l4r5xx.o
GFXMMU_IRQHandler                                 build/startup_stm32l4r5xx.o
HAL_ADCEx_Calibration_GetValue                    build/stm32l4xx_hal_adc_ex.o
HAL_ADCEx_Calibration_SetValue                    build/stm32l4xx_hal_adc_ex.o
HAL_ADCEx_Calibration_Start                       build/stm32l4xx_hal_adc_ex.o
HAL_ADCEx_DisableInjectedQueue                    build/stm32l4xx_hal_adc_ex.o
HAL_ADCEx_DisableVoltageRegulator                 build/stm32l4xx_hal_adc_ex.o
HAL_ADCEx_EnableInjectedQueue                     build/stm32l4xx_hal_adc_ex.o
HAL_ADCEx_EndOfSamplingCallback                   build/stm32l4xx_hal_adc_ex.o
                                                  build/stm32l4xx_hal_adc.o
HAL_ADCEx_EnterADCDeepPowerDownMode               build/stm32l4xx_hal_adc_ex.o
HAL_ADCEx_InjectedConfigChannel                   build/stm32l4xx_hal_adc_ex.o
HAL_ADCEx_InjectedConvCpltCallback                build/stm32l4xx_hal_adc_ex.o
                                                  build/stm32l4xx_hal_adc.o
HAL_ADCEx_InjectedGetValue                        build/stm32l4xx_hal_adc_ex.o
HAL_ADCEx_InjectedPollForConversion               build/stm32l4xx_hal_adc_ex.o
HAL_ADCEx_InjectedQueueOverflowCallback           build/stm32l4xx_hal_adc_ex.o
                                                  build/stm32l4xx_hal_adc.o
HAL_ADCEx_InjectedStart                           build/stm32l4xx_hal_adc_ex.o
HAL_ADCEx_InjectedStart_IT                        build/stm32l4xx_hal_adc_ex.o
HAL_ADCEx_InjectedStop                            build/stm32l4xx_hal_adc_ex.o
HAL_ADCEx_InjectedStop_IT                         build/stm32l4xx_hal_adc_ex.o
HAL_ADCEx_LevelOutOfWindow2Callback               build/stm32l4xx_hal_adc_ex.o
                                                  build/stm32l4xx_hal_adc.o
HAL_ADCEx_LevelOutOfWindow3Callback               build/stm32l4xx_hal_adc_ex.o
                                                  build/stm32l4xx_hal_adc.o
HAL_ADCEx_RegularStop                             build/stm32l4xx_hal_adc_ex.o
HAL_ADCEx_RegularStop_DMA                         build/stm32l4xx_hal_adc_ex.o
HAL_ADCEx_RegularStop_IT                          build/stm32l4xx_hal_adc_ex.o
HAL_ADC_AnalogWDGConfig                           build/stm32l4xx_hal_adc.o
HAL_ADC_ConfigChannel                             build/stm32l4xx_hal_adc.o
                                                  build/main.o
HAL_ADC_ConvCpltCallback                          build/stm32l4xx_hal_adc.o
HAL_ADC_ConvHalfCpltCallback                      build/stm32l4xx_hal_adc.o
HAL_ADC_DeInit                                    build/stm32l4xx_hal_adc.o
HAL_ADC_ErrorCallback                             build/stm32l4xx_hal_adc.o
HAL_ADC_GetError                                  build/stm32l4xx_hal_adc.o
HAL_ADC_GetState                                  build/stm32l4xx_hal_adc.o
HAL_ADC_GetValue                                  build/stm32l4xx_hal_adc.o
HAL_ADC_IRQHandler                                build/stm32l4xx_hal_adc.o
HAL_ADC_Init                                      build/stm32l4xx_hal_adc.o
                                                  build/main.o
HAL_ADC_LevelOutOfWindowCallback                  build/stm32l4xx_hal_adc.o
HAL_ADC_MspDeInit                                 build/stm32l4xx_hal_msp.o
HAL_ADC_MspInit                                   build/stm32l4xx_hal_msp.o
HAL_ADC_PollForConversion                         build/stm32l4xx_hal_adc.o
HAL_ADC_PollForEvent                              build/stm32l4xx_hal_adc.o
HAL_ADC_Start                                     build/stm32l4xx_hal_adc.o
HAL_ADC_Start_DMA                                 build/stm32l4xx_hal_adc.o
HAL_ADC_Start_IT                                  build/stm32l4xx_hal_adc.o
HAL_ADC_Stop                                      build/stm32l4xx_hal_adc.o
HAL_ADC_Stop_DMA                                  build/stm32l4xx_hal_adc.o
HAL_ADC_Stop_IT                                   build/stm32l4xx_hal_adc.o
HAL_DBGMCU_DisableDBGSleepMode                    build/stm32l4xx_hal.o
HAL_DBGMCU_DisableDBGStandbyMode                  build/stm32l4xx_hal.o
HAL_DBGMCU_DisableDBGStopMode                     build/stm32l4xx_hal.o
HAL_DBGMCU_EnableDBGSleepMode                     build/stm32l4xx_hal.o
HAL_DBGMCU_EnableDBGStandbyMode                   build/stm32l4xx_hal.o
HAL_DBGMCU_EnableDBGStopMode                      build/stm32l4xx_hal.o
HAL_DMAEx_ConfigMuxRequestGenerator               build/stm32l4xx_hal_dma_ex.o
HAL_DMAEx_ConfigMuxSync                           build/stm32l4xx_hal_dma_ex.o
HAL_DMAEx_DisableMuxRequestGenerator              build/stm32l4xx_hal_dma_ex.o
HAL_DMAEx_EnableMuxRequestGenerator               build/stm32l4xx_hal_dma_ex.o
HAL_DMAEx_MUX_IRQHandler                          build/stm32l4xx_hal_dma_ex.o
HAL_DMA_Abort                                     build/stm32l4xx_hal_dma.o
                                                  build/stm32l4xx_hal_adc_ex.o
                                                  build/stm32l4xx_hal_adc.o
                                                  build/stm32l4xx_hal_uart.o
HAL_DMA_Abort_IT                                  build/stm32l4xx_hal_dma.o
                                                  build/stm32l4xx_hal_uart.o
                                                  build/stm32l4xx_hal_i2c.o
HAL_DMA_DeInit                                    build/stm32l4xx_hal_dma.o
HAL_DMA_GetError                                  build/stm32l4xx_hal_dma.o
                                                  build/stm32l4xx_hal_uart.o
HAL_DMA_GetState                                  build/stm32l4xx_hal_dma.o
                                                  build/stm32l4xx_hal_i2c.o
HAL_DMA_IRQHandler                                build/stm32l4xx_hal_dma.o
HAL_DMA_Init                                      build/stm32l4xx_hal_dma.o
HAL_DMA_PollForTransfer                           build/stm32l4xx_hal_dma.o
HAL_DMA_RegisterCallback                          build/stm32l4xx_hal_dma.o
HAL_DMA_Start                                     build/stm32l4xx_hal_dma.o
HAL_DMA_Start_IT                                  build/stm32l4xx_hal_dma.o
                                                  build/stm32l4xx_hal_adc.o
                                                  build/stm32l4xx_hal_uart.o
                                                  build/stm32l4xx_hal_i2c.o
HAL_DMA_UnRegisterCallback                        build/stm32l4xx_hal_dma.o
HAL_DeInit                                        build/stm32l4xx_hal.o
HAL_Delay                                         build/stm32l4xx_hal.o
                                                  build/lcd.o
                                                  build/main.o
HAL_EXTI_ClearConfigLine                          build/stm32l4xx_hal_exti.o
HAL_EXTI_ClearPending                             build/stm32l4xx_hal_exti.o
HAL_EXTI_GenerateSWI                              build/stm32l4xx_hal_exti.o
HAL_EXTI_GetConfigLine                            build/stm32l4xx_hal_exti.o
HAL_EXTI_GetHandle                                build/stm32l4xx_hal_exti.o
HAL_EXTI_GetPending                               build/stm32l4xx_hal_exti.o
HAL_EXTI_IRQHandler                               build/stm32l4xx_hal_exti.o
HAL_EXTI_RegisterCallback                         build/stm32l4xx_hal_exti.o
HAL_EXTI_SetConfigLine                            build/stm32l4xx_hal_exti.o
HAL_FLASHEx_ConfigLVEPin                          build/stm32l4xx_hal_flash_ex.o
HAL_FLASHEx_DisableRunPowerDown                   build/stm32l4xx_hal_flash_ramfunc.o
HAL_FLASHEx_EnableRunPowerDown                    build/stm32l4xx_hal_flash_ramfunc.o
HAL_FLASHEx_Erase                                 build/stm32l4xx_hal_flash_ex.o
HAL_FLASHEx_Erase_IT                              build/stm32l4xx_hal_flash_ex.o
HAL_FLASHEx_OBGetConfig                           build/stm32l4xx_hal_flash_ex.o
HAL_FLASHEx_OBProgram                             build/stm32l4xx_hal_flash_ex.o
HAL_FLASHEx_OB_DBankConfig                        build/stm32l4xx_hal_flash_ramfunc.o
HAL_FLASH_EndOfOperationCallback                  build/stm32l4xx_hal_flash.o
HAL_FLASH_GetError                                build/stm32l4xx_hal_flash.o
HAL_FLASH_IRQHandler                              build/stm32l4xx_hal_flash.o
HAL_FLASH_Lock                                    build/stm32l4xx_hal_flash.o
HAL_FLASH_OB_Launch                               build/stm32l4xx_hal_flash.o
HAL_FLASH_OB_Lock                                 build/stm32l4xx_hal_flash.o
HAL_FLASH_OB_Unlock                               build/stm32l4xx_hal_flash.o
HAL_FLASH_OperationErrorCallback                  build/stm32l4xx_hal_flash.o
HAL_FLASH_Program                                 build/stm32l4xx_hal_flash.o
HAL_FLASH_Program_IT                              build/stm32l4xx_hal_flash.o
HAL_FLASH_Unlock                                  build/stm32l4xx_hal_flash.o
HAL_GPIO_DeInit                                   build/stm32l4xx_hal_gpio.o
                                                  build/stm32l4xx_hal_msp.o
HAL_GPIO_EXTI_Callback                            build/stm32l4xx_hal_gpio.o
HAL_GPIO_EXTI_IRQHandler                          build/stm32l4xx_hal_gpio.o
HAL_GPIO_Init                                     build/stm32l4xx_hal_gpio.o
                                                  build/output.o
                                                  build/input.o
                                                  build/stm32l4xx_hal_rcc_ex.o
                                                  build/stm32l4xx_hal_rcc.o
                                                  build/stm32l4xx_hal_msp.o
                                                  build/main.o
HAL_GPIO_LockPin                                  build/stm32l4xx_hal_gpio.o
HAL_GPIO_ReadPin                                  build/stm32l4xx_hal_gpio.o
                                                  build/input.o
                                                  build/main.o
HAL_GPIO_TogglePin                                build/stm32l4xx_hal_gpio.o
HAL_GPIO_WritePin                                 build/stm32l4xx_hal_gpio.o
                                                  build/lcd.o
                                                  build/output.o
                                                  build/main.o
HAL_GetDEVID                                      build/stm32l4xx_hal.o
HAL_GetHalVersion                                 build/stm32l4xx_hal.o
HAL_GetREVID                                      build/stm32l4xx_hal.o
HAL_GetTick                                       build/stm32l4xx_hal.o
                                                  build/stm32l4xx_hal_adc_ex.o
                                                  build/stm32l4xx_hal_adc.o
                                                  build/stm32l4xx_hal_uart_ex.o
                                                  build/stm32l4xx_hal_uart.o
                                                  build/stm32l4xx_hal_dma.o
                                                  build/stm32l4xx_hal_flash.o
                                                  build/stm32l4xx_hal_rcc_ex.o
                                                  build/stm32l4xx_hal_rcc.o
                                                  build/stm32l4xx_hal_i2c.o
HAL_GetTickFreq                                   build/stm32l4xx_hal.o
HAL_GetTickPrio                                   build/stm32l4xx_hal.o
HAL_GetUIDw0                                      build/stm32l4xx_hal.o
HAL_GetUIDw1                                      build/stm32l4xx_hal.o
HAL_GetUIDw2                                      build/stm32l4xx_hal.o
HAL_HalfDuplex_EnableReceiver                     build/stm32l4xx_hal_uart.o
HAL_HalfDuplex_EnableTransmitter                  build/stm32l4xx_hal_uart.o
HAL_HalfDuplex_Init                               build/stm32l4xx_hal_uart.o
HAL_I2CEx_ConfigAnalogFilter                      build/stm32l4xx_hal_i2c_ex.o
HAL_I2CEx_ConfigDigitalFilter                     build/stm32l4xx_hal_i2c_ex.o
HAL_I2CEx_DisableFastModePlus                     build/stm32l4xx_hal_i2c_ex.o
HAL_I2CEx_DisableWakeUp                           build/stm32l4xx_hal_i2c_ex.o
HAL_I2CEx_EnableFastModePlus                      build/stm32l4xx_hal_i2c_ex.o
HAL_I2CEx_EnableWakeUp                            build/stm32l4xx_hal_i2c_ex.o
HAL_I2C_AbortCpltCallback                         build/stm32l4xx_hal_i2c.o
HAL_I2C_AddrCallback                              build/stm32l4xx_hal_i2c.o
HAL_I2C_DeInit                                    build/stm32l4xx_hal_i2c.o
HAL_I2C_DisableListen_IT                          build/stm32l4xx_hal_i2c.o
HAL_I2C_ER_IRQHandler                             build/stm32l4xx_hal_i2c.o
HAL_I2C_EV_IRQHandler                             build/stm32l4xx_hal_i2c.o
HAL_I2C_EnableListen_IT                           build/stm32l4xx_hal_i2c.o
HAL_I2C_ErrorCallback                             build/stm32l4xx_hal_i2c.o
HAL_I2C_GetError                                  build/stm32l4xx_hal_i2c.o
HAL_I2C_GetMode                                   build/stm32l4xx_hal_i2c.o
HAL_I2C_GetState                                  build/stm32l4xx_hal_i2c.o
HAL_I2C_Init                                      build/stm32l4xx_hal_i2c.o
HAL_I2C_IsDeviceReady                             build/stm32l4xx_hal_i2c.o
HAL_I2C_ListenCpltCallback                        build/stm32l4xx_hal_i2c.o
HAL_I2C_MasterRxCpltCallback                      build/stm32l4xx_hal_i2c.o
HAL_I2C_MasterTxCpltCallback                      build/stm32l4xx_hal_i2c.o
HAL_I2C_Master_Abort_IT                           build/stm32l4xx_hal_i2c.o
HAL_I2C_Master_Receive                            build/stm32l4xx_hal_i2c.o
HAL_I2C_Master_Receive_DMA                        build/stm32l4xx_hal_i2c.o
HAL_I2C_Master_Receive_IT                         build/stm32l4xx_hal_i2c.o
HAL_I2C_Master_Seq_Receive_DMA                    build/stm32l4xx_hal_i2c.o
HAL_I2C_Master_Seq_Receive_IT                     build/stm32l4xx_hal_i2c.o
HAL_I2C_Master_Seq_Transmit_DMA                   build/stm32l4xx_hal_i2c.o
HAL_I2C_Master_Seq_Transmit_IT                    build/stm32l4xx_hal_i2c.o
HAL_I2C_Master_Transmit                           build/stm32l4xx_hal_i2c.o
HAL_I2C_Master_Transmit_DMA                       build/stm32l4xx_hal_i2c.o
HAL_I2C_Master_Transmit_IT                        build/stm32l4xx_hal_i2c.o
HAL_I2C_MemRxCpltCallback                         build/stm32l4xx_hal_i2c.o
HAL_I2C_MemTxCpltCallback                         build/stm32l4xx_hal_i2c.o
HAL_I2C_Mem_Read                                  build/stm32l4xx_hal_i2c.o
HAL_I2C_Mem_Read_DMA                              build/stm32l4xx_hal_i2c.o
HAL_I2C_Mem_Read_IT                               build/stm32l4xx_hal_i2c.o
HAL_I2C_Mem_Write                                 build/stm32l4xx_hal_i2c.o
HAL_I2C_Mem_Write_DMA                             build/stm32l4xx_hal_i2c.o
HAL_I2C_Mem_Write_IT                              build/stm32l4xx_hal_i2c.o
HAL_I2C_MspDeInit                                 build/stm32l4xx_hal_i2c.o
HAL_I2C_MspInit                                   build/stm32l4xx_hal_i2c.o
HAL_I2C_SlaveRxCpltCallback                       build/stm32l4xx_hal_i2c.o
HAL_I2C_SlaveTxCpltCallback                       build/stm32l4xx_hal_i2c.o
HAL_I2C_Slave_Receive                             build/stm32l4xx_hal_i2c.o
HAL_I2C_Slave_Receive_DMA                         build/stm32l4xx_hal_i2c.o
HAL_I2C_Slave_Receive_IT                          build/stm32l4xx_hal_i2c.o
HAL_I2C_Slave_Seq_Receive_DMA                     build/stm32l4xx_hal_i2c.o
HAL_I2C_Slave_Seq_Receive_IT                      build/stm32l4xx_hal_i2c.o
HAL_I2C_Slave_Seq_Transmit_DMA                    build/stm32l4xx_hal_i2c.o
HAL_I2C_Slave_Seq_Transmit_IT                     build/stm32l4xx_hal_i2c.o
HAL_I2C_Slave_Transmit                            build/stm32l4xx_hal_i2c.o
HAL_I2C_Slave_Transmit_DMA                        build/stm32l4xx_hal_i2c.o
HAL_I2C_Slave_Transmit_IT                         build/stm32l4xx_hal_i2c.o
HAL_IncTick                                       build/stm32l4xx_hal.o
                                                  build/stm32l4xx_it.o
HAL_Init                                          build/stm32l4xx_hal.o
                                                  build/main.o
HAL_InitTick                                      build/stm32l4xx_hal.o
                                                  build/stm32l4xx_hal_rcc.o
HAL_LIN_Init                                      build/stm32l4xx_hal_uart.o
HAL_LIN_SendBreak                                 build/stm32l4xx_hal_uart.o
HAL_MPU_ConfigRegion                              build/stm32l4xx_hal_cortex.o
HAL_MPU_Disable                                   build/stm32l4xx_hal_cortex.o
HAL_MPU_Enable                                    build/stm32l4xx_hal_cortex.o
HAL_MspDeInit                                     build/stm32l4xx_hal.o
HAL_MspInit                                       build/stm32l4xx_hal_msp.o
HAL_MultiProcessorEx_AddressLength_Set            build/stm32l4xx_hal_uart_ex.o
HAL_MultiProcessor_DisableMuteMode                build/stm32l4xx_hal_uart.o
HAL_MultiProcessor_EnableMuteMode                 build/stm32l4xx_hal_uart.o
HAL_MultiProcessor_EnterMuteMode                  build/stm32l4xx_hal_uart.o
HAL_MultiProcessor_Init                           build/stm32l4xx_hal_uart.o
HAL_NVIC_ClearPendingIRQ                          build/stm32l4xx_hal_cortex.o
HAL_NVIC_DisableIRQ                               build/stm32l4xx_hal_cortex.o
HAL_NVIC_EnableIRQ                                build/stm32l4xx_hal_cortex.o
HAL_NVIC_GetActive                                build/stm32l4xx_hal_cortex.o
HAL_NVIC_GetPendingIRQ                            build/stm32l4xx_hal_cortex.o
HAL_NVIC_GetPriority                              build/stm32l4xx_hal_cortex.o
HAL_NVIC_GetPriorityGrouping                      build/stm32l4xx_hal_cortex.o
HAL_NVIC_SetPendingIRQ                            build/stm32l4xx_hal_cortex.o
HAL_NVIC_SetPriority                              build/stm32l4xx_hal_cortex.o
                                                  build/stm32l4xx_hal.o
HAL_NVIC_SetPriorityGrouping                      build/stm32l4xx_hal_cortex.o
                                                  build/stm32l4xx_hal.o
HAL_NVIC_SystemReset                              build/stm32l4xx_hal_cortex.o
HAL_PWREx_ConfigPVM                               build/stm32l4xx_hal_pwr_ex.o
HAL_PWREx_ControlVoltageScaling                   build/stm32l4xx_hal_pwr_ex.o
                                                  build/main.o
HAL_PWREx_DisableBatteryCharging                  build/stm32l4xx_hal_pwr_ex.o
HAL_PWREx_DisableDSIPinsPDActivation              build/stm32l4xx_hal_pwr_ex.o
HAL_PWREx_DisableGPIOPullDown                     build/stm32l4xx_hal_pwr_ex.o
HAL_PWREx_DisableGPIOPullUp                       build/stm32l4xx_hal_pwr_ex.o
HAL_PWREx_DisableInternalWakeUpLine               build/stm32l4xx_hal_pwr_ex.o
HAL_PWREx_DisableLowPowerRunMode                  build/stm32l4xx_hal_pwr_ex.o
                                                  build/stm32l4xx_hal_pwr.o
HAL_PWREx_DisablePVM1                             build/stm32l4xx_hal_pwr_ex.o
HAL_PWREx_DisablePVM2                             build/stm32l4xx_hal_pwr_ex.o
HAL_PWREx_DisablePVM3                             build/stm32l4xx_hal_pwr_ex.o
HAL_PWREx_DisablePVM4                             build/stm32l4xx_hal_pwr_ex.o
HAL_PWREx_DisablePullUpPullDownConfig             build/stm32l4xx_hal_pwr_ex.o
HAL_PWREx_DisableSRAM2ContentRetention            build/stm32l4xx_hal_pwr_ex.o
HAL_PWREx_DisableSRAM3ContentRetention            build/stm32l4xx_hal_pwr_ex.o
HAL_PWREx_DisableVddIO2                           build/stm32l4xx_hal_pwr_ex.o
HAL_PWREx_DisableVddUSB                           build/stm32l4xx_hal_pwr_ex.o
HAL_PWREx_EnableBatteryCharging                   build/stm32l4xx_hal_pwr_ex.o
HAL_PWREx_EnableDSIPinsPDActivation               build/stm32l4xx_hal_pwr_ex.o
HAL_PWREx_EnableGPIOPullDown                      build/stm32l4xx_hal_pwr_ex.o
HAL_PWREx_EnableGPIOPullUp                        build/stm32l4xx_hal_pwr_ex.o
HAL_PWREx_EnableInternalWakeUpLine                build/stm32l4xx_hal_pwr_ex.o
HAL_PWREx_EnableLowPowerRunMode                   build/stm32l4xx_hal_pwr_ex.o
                                                  build/stm32l4xx_hal_pwr.o
HAL_PWREx_EnablePVM1                              build/stm32l4xx_hal_pwr_ex.o
HAL_PWREx_EnablePVM2                              build/stm32l4xx_hal_pwr_ex.o
HAL_PWREx_EnablePVM3                              build/stm32l4xx_hal_pwr_ex.o
HAL_PWREx_EnablePVM4                              build/stm32l4xx_hal_pwr_ex.o
HAL_PWREx_EnablePullUpPullDownConfig              build/stm32l4xx_hal_pwr_ex.o
HAL_PWREx_EnableSRAM2ContentRetention             build/stm32l4xx_hal_pwr_ex.o
HAL_PWREx_EnableSRAM3ContentRetention             build/stm32l4xx_hal_pwr_ex.o
HAL_PWREx_EnableVddIO2                            build/stm32l4xx_hal_pwr_ex.o
HAL_PWREx_EnableVddUSB                            build/stm32l4xx_hal_pwr_ex.o
HAL_PWREx_EnterSHUTDOWNMode                       build/stm32l4xx_hal_pwr_ex.o
HAL_PWREx_EnterSTOP0Mode                          build/stm32l4xx_hal_pwr_ex.o
                                                  build/stm32l4xx_hal_pwr.o
HAL_PWREx_EnterSTOP1Mode                          build/stm32l4xx_hal_pwr_ex.o
                                                  build/stm32l4xx_hal_pwr.o
HAL_PWREx_EnterSTOP2Mode                          build/stm32l4xx_hal_pwr_ex.o
HAL_PWREx_GetVoltageRange                         build/stm32l4xx_hal_pwr_ex.o
                                                  build/stm32l4xx_hal_flash_ex.o
                                                  build/stm32l4xx_hal_rcc.o
HAL_PWREx_PVD_PVM_IRQHandler                      build/stm32l4xx_hal_pwr_ex.o
HAL_PWREx_PVM1Callback                            build/stm32l4xx_hal_pwr_ex.o
HAL_PWREx_PVM2Callback                            build/stm32l4xx_hal_pwr_ex.o
HAL_PWREx_PVM3Callback                            build/stm32l4xx_hal_pwr_ex.o
HAL_PWREx_PVM4Callback                            build/stm32l4xx_hal_pwr_ex.o
HAL_PWREx_SetSRAM2ContentRetention                build/stm32l4xx_hal_pwr_ex.o
HAL_PWR_ConfigPVD                                 build/stm32l4xx_hal_pwr.o
HAL_PWR_DeInit                                    build/stm32l4xx_hal_pwr.o
HAL_PWR_DisableBkUpAccess                         build/stm32l4xx_hal_pwr.o
                                                  build/stm32l4xx_hal_rcc_ex.o
HAL_PWR_DisablePVD                                build/stm32l4xx_hal_pwr.o
HAL_PWR_DisableSEVOnPend                          build/stm32l4xx_hal_pwr.o
HAL_PWR_DisableSleepOnExit                        build/stm32l4xx_hal_pwr.o
HAL_PWR_DisableWakeUpPin                          build/stm32l4xx_hal_pwr.o
HAL_PWR_EnableBkUpAccess                          build/stm32l4xx_hal_pwr.o
                                                  build/stm32l4xx_hal_rcc_ex.o
HAL_PWR_EnablePVD                                 build/stm32l4xx_hal_pwr.o
HAL_PWR_EnableSEVOnPend                           build/stm32l4xx_hal_pwr.o
HAL_PWR_EnableSleepOnExit                         build/stm32l4xx_hal_pwr.o
HAL_PWR_EnableWakeUpPin                           build/stm32l4xx_hal_pwr.o
HAL_PWR_EnterSLEEPMode                            build/stm32l4xx_hal_pwr.o
HAL_PWR_EnterSTANDBYMode                          build/stm32l4xx_hal_pwr.o
HAL_PWR_EnterSTOPMode                             build/stm32l4xx_hal_pwr.o
HAL_PWR_PVDCallback                               build/stm32l4xx_hal_pwr.o
                                                  build/stm32l4xx_hal_pwr_ex.o
HAL_RCCEx_CRSConfig                               build/stm32l4xx_hal_rcc_ex.o
HAL_RCCEx_CRSGetSynchronizationInfo               build/stm32l4xx_hal_rcc_ex.o
HAL_RCCEx_CRSSoftwareSynchronizationGenerate      build/stm32l4xx_hal_rcc_ex.o
HAL_RCCEx_CRSWaitSynchronization                  build/stm32l4xx_hal_rcc_ex.o
HAL_RCCEx_CRS_ErrorCallback                       build/stm32l4xx_hal_rcc_ex.o
HAL_RCCEx_CRS_ExpectedSyncCallback                build/stm32l4xx_hal_rcc_ex.o
HAL_RCCEx_CRS_IRQHandler                          build/stm32l4xx_hal_rcc_ex.o
HAL_RCCEx_CRS_SyncOkCallback                      build/stm32l4xx_hal_rcc_ex.o
HAL_RCCEx_CRS_SyncWarnCallback                    build/stm32l4xx_hal_rcc_ex.o
HAL_RCCEx_DisableLSCO                             build/stm32l4xx_hal_rcc_ex.o
HAL_RCCEx_DisableLSECSS                           build/stm32l4xx_hal_rcc_ex.o
HAL_RCCEx_DisableMSIPLLMode                       build/stm32l4xx_hal_rcc_ex.o
HAL_RCCEx_DisablePLLSAI1                          build/stm32l4xx_hal_rcc_ex.o
HAL_RCCEx_DisablePLLSAI2                          build/stm32l4xx_hal_rcc_ex.o
HAL_RCCEx_EnableLSCO                              build/stm32l4xx_hal_rcc_ex.o
HAL_RCCEx_EnableLSECSS                            build/stm32l4xx_hal_rcc_ex.o
HAL_RCCEx_EnableLSECSS_IT                         build/stm32l4xx_hal_rcc_ex.o
HAL_RCCEx_EnableMSIPLLMode                        build/stm32l4xx_hal_rcc_ex.o
HAL_RCCEx_EnablePLLSAI1                           build/stm32l4xx_hal_rcc_ex.o
HAL_RCCEx_EnablePLLSAI2                           build/stm32l4xx_hal_rcc_ex.o
HAL_RCCEx_GetPeriphCLKConfig                      build/stm32l4xx_hal_rcc_ex.o
HAL_RCCEx_GetPeriphCLKFreq                        build/stm32l4xx_hal_rcc_ex.o
HAL_RCCEx_LSECSS_Callback                         build/stm32l4xx_hal_rcc_ex.o
HAL_RCCEx_LSECSS_IRQHandler                       build/stm32l4xx_hal_rcc_ex.o
HAL_RCCEx_OCTOSPIDelayConfig                      build/stm32l4xx_hal_rcc_ex.o
HAL_RCCEx_PeriphCLKConfig                         build/stm32l4xx_hal_rcc_ex.o
                                                  build/stm32l4xx_hal_msp.o
HAL_RCCEx_StandbyMSIRangeConfig                   build/stm32l4xx_hal_rcc_ex.o
HAL_RCCEx_WakeUpStopCLKConfig                     build/stm32l4xx_hal_rcc_ex.o
HAL_RCC_CSSCallback                               build/stm32l4xx_hal_rcc.o
HAL_RCC_ClockConfig                               build/stm32l4xx_hal_rcc.o
                                                  build/main.o
HAL_RCC_DeInit                                    build/stm32l4xx_hal_rcc.o
HAL_RCC_EnableCSS                                 build/stm32l4xx_hal_rcc.o
HAL_RCC_GetClockConfig                            build/stm32l4xx_hal_rcc.o
HAL_RCC_GetHCLKFreq                               build/stm32l4xx_hal_rcc.o
HAL_RCC_GetOscConfig                              build/stm32l4xx_hal_rcc.o
HAL_RCC_GetPCLK1Freq                              build/stm32l4xx_hal_rcc.o
                                                  build/stm32l4xx_hal_uart.o
                                                  build/stm32l4xx_hal_rcc_ex.o
HAL_RCC_GetPCLK2Freq                              build/stm32l4xx_hal_rcc.o
                                                  build/stm32l4xx_hal_uart.o
                                                  build/stm32l4xx_hal_rcc_ex.o
HAL_RCC_GetResetSource                            build/stm32l4xx_hal_rcc.o
HAL_RCC_GetSysClockFreq                           build/stm32l4xx_hal_rcc.o
                                                  build/stm32l4xx_hal_uart.o
                                                  build/stm32l4xx_hal_rcc_ex.o
HAL_RCC_MCOConfig                                 build/stm32l4xx_hal_rcc.o
HAL_RCC_NMI_IRQHandler                            build/stm32l4xx_hal_rcc.o
HAL_RCC_OscConfig                                 build/stm32l4xx_hal_rcc.o
                                                  build/main.o
HAL_RS485Ex_Init                                  build/stm32l4xx_hal_uart_ex.o
HAL_ResumeTick                                    build/stm32l4xx_hal.o
HAL_SYSCFG_DisableIOAnalogSwitchBooster           build/stm32l4xx_hal.o
HAL_SYSCFG_DisableMemorySwappingBank              build/stm32l4xx_hal.o
HAL_SYSCFG_DisableVREFBUF                         build/stm32l4xx_hal.o
HAL_SYSCFG_EnableIOAnalogSwitchBooster            build/stm32l4xx_hal.o
HAL_SYSCFG_EnableMemorySwappingBank               build/stm32l4xx_hal.o
HAL_SYSCFG_EnableVREFBUF                          build/stm32l4xx_hal.o
HAL_SYSCFG_SRAM2Erase                             build/stm32l4xx_hal.o
HAL_SYSCFG_VREFBUF_HighImpedanceConfig            build/stm32l4xx_hal.o
HAL_SYSCFG_VREFBUF_TrimmingConfig                 build/stm32l4xx_hal.o
HAL_SYSCFG_VREFBUF_VoltageScalingConfig           build/stm32l4xx_hal.o
HAL_SYSTICK_CLKSourceConfig                       build/stm32l4xx_hal_cortex.o
HAL_SYSTICK_Callback                              build/stm32l4xx_hal_cortex.o
HAL_SYSTICK_Config                                build/stm32l4xx_hal_cortex.o
                                                  build/stm32l4xx_hal.o
HAL_SYSTICK_IRQHandler                            build/stm32l4xx_hal_cortex.o
HAL_SetTickFreq                                   build/stm32l4xx_hal.o
HAL_SuspendTick                                   build/stm32l4xx_hal.o
HAL_UARTEx_DisableFifoMode                        build/stm32l4xx_hal_uart_ex.o
                                                  build/main.o
HAL_UARTEx_DisableStopMode                        build/stm32l4xx_hal_uart_ex.o
HAL_UARTEx_EnableFifoMode                         build/stm32l4xx_hal_uart_ex.o
HAL_UARTEx_EnableStopMode                         build/stm32l4xx_hal_uart_ex.o
HAL_UARTEx_ReceiveToIdle                          build/stm32l4xx_hal_uart_ex.o
HAL_UARTEx_ReceiveToIdle_DMA                      build/stm32l4xx_hal_uart_ex.o
HAL_UARTEx_ReceiveToIdle_IT                       build/stm32l4xx_hal_uart_ex.o
HAL_UARTEx_RxEventCallback                        build/stm32l4xx_hal_uart.o
HAL_UARTEx_RxFifoFullCallback                     build/stm32l4xx_hal_uart_ex.o
                                                  build/stm32l4xx_hal_uart.o
HAL_UARTEx_SetRxFifoThreshold                     build/stm32l4xx_hal_uart_ex.o
                                                  build/main.o
HAL_UARTEx_SetTxFifoThreshold                     build/stm32l4xx_hal_uart_ex.o
                                                  build/main.o
HAL_UARTEx_StopModeWakeUpSourceConfig             build/stm32l4xx_hal_uart_ex.o
HAL_UARTEx_TxFifoEmptyCallback                    build/stm32l4xx_hal_uart_ex.o
                                                  build/stm32l4xx_hal_uart.o
HAL_UARTEx_WakeupCallback                         build/stm32l4xx_hal_uart_ex.o
                                                  build/stm32l4xx_hal_uart.o
HAL_UART_Abort                                    build/stm32l4xx_hal_uart.o
HAL_UART_AbortCpltCallback                        build/stm32l4xx_hal_uart.o
HAL_UART_AbortReceive                             build/stm32l4xx_hal_uart.o
HAL_UART_AbortReceiveCpltCallback                 build/stm32l4xx_hal_uart.o
HAL_UART_AbortReceive_IT                          build/stm32l4xx_hal_uart.o
HAL_UART_AbortTransmit                            build/stm32l4xx_hal_uart.o
HAL_UART_AbortTransmitCpltCallback                build/stm32l4xx_hal_uart.o
HAL_UART_AbortTransmit_IT                         build/stm32l4xx_hal_uart.o
HAL_UART_Abort_IT                                 build/stm32l4xx_hal_uart.o
HAL_UART_DMAPause                                 build/stm32l4xx_hal_uart.o
HAL_UART_DMAResume                                build/stm32l4xx_hal_uart.o
HAL_UART_DMAStop                                  build/stm32l4xx_hal_uart.o
HAL_UART_DeInit                                   build/stm32l4xx_hal_uart.o
HAL_UART_DisableReceiverTimeout                   build/stm32l4xx_hal_uart.o
HAL_UART_EnableReceiverTimeout                    build/stm32l4xx_hal_uart.o
HAL_UART_ErrorCallback                            build/stm32l4xx_hal_uart.o
HAL_UART_GetError                                 build/stm32l4xx_hal_uart.o
HAL_UART_GetState                                 build/stm32l4xx_hal_uart.o
HAL_UART_IRQHandler                               build/stm32l4xx_hal_uart.o
HAL_UART_Init                                     build/stm32l4xx_hal_uart.o
                                                  build/main.o
HAL_UART_MspDeInit                                build/stm32l4xx_hal_msp.o
HAL_UART_MspInit                                  build/stm32l4xx_hal_msp.o
                                                  build/stm32l4xx_hal_uart_ex.o
HAL_UART_Receive                                  build/stm32l4xx_hal_uart.o
HAL_UART_Receive_DMA                              build/stm32l4xx_hal_uart.o
HAL_UART_Receive_IT                               build/stm32l4xx_hal_uart.o
HAL_UART_ReceiverTimeout_Config                   build/stm32l4xx_hal_uart.o
HAL_UART_RxCpltCallback                           build/stm32l4xx_hal_uart.o
HAL_UART_RxHalfCpltCallback                       build/stm32l4xx_hal_uart.o
HAL_UART_Transmit                                 build/stm32l4xx_hal_uart.o
HAL_UART_Transmit_DMA                             build/stm32l4xx_hal_uart.o
HAL_UART_Transmit_IT                              build/stm32l4xx_hal_uart.o
HAL_UART_TxCpltCallback                           build/stm32l4xx_hal_uart.o
HAL_UART_TxHalfCpltCallback                       build/stm32l4xx_hal_uart.o
HardFault_Handler                                 build/stm32l4xx_it.o
I2C1_ER_IRQHandler                                build/startup_stm32l4r5xx.o
I2C1_EV_IRQHandler                                build/startup_stm32l4r5xx.o
I2C2_ER_IRQHandler                                build/startup_stm32l4r5xx.o
I2C2_EV_IRQHandler                                build/startup_stm32l4r5xx.o
I2C3_ER_IRQHandler                                build/startup_stm32l4r5xx.o
I2C3_EV_IRQHandler                                build/startup_stm32l4r5xx.o
I2C4_ER_IRQHandler                                build/startup_stm32l4r5xx.o
I2C4_EV_IRQHandler                                build/startup_stm32l4r5xx.o
LPTIM1_IRQHandler                                 build/startup_stm32l4r5xx.o
LPTIM2_IRQHandler                                 build/startup_stm32l4r5xx.o
LPUART1_IRQHandler                                build/startup_stm32l4r5xx.o
LTDC_ER_IRQHandler                                build/startup_stm32l4r5xx.o
LTDC_IRQHandler                                   build/startup_stm32l4r5xx.o
MSIRangeTable                                     build/system_stm32l4xx.o
                                                  build/stm32l4xx_hal_rcc_ex.o
                                                  build/stm32l4xx_hal_rcc.o
MemManage_Handler                                 build/stm32l4xx_it.o
NMI_Handler                                       build/stm32l4xx_it.o
OCTOSPI1_IRQHandler                               build/startup_stm32l4r5xx.o
OCTOSPI2_IRQHandler                               build/startup_stm32l4r5xx.o
OTG_FS_IRQHandler                                 build/startup_stm32l4r5xx.o
PVD_PVM_IRQHandler                                build/startup_stm32l4r5xx.o
PendSV_Handler                                    build/stm32l4xx_it.o
RCC_IRQHandler                                    build/startup_stm32l4r5xx.o
RNG_IRQHandler                                    build/startup_stm32l4r5xx.o
RTC_Alarm_IRQHandler                              build/startup_stm32l4r5xx.o
RTC_WKUP_IRQHandler                               build/startup_stm32l4r5xx.o
Reset_Handler                                     build/startup_stm32l4r5xx.o
SAI1_IRQHandler                                   build/startup_stm32l4r5xx.o
SAI2_IRQHandler                                   build/startup_stm32l4r5xx.o
SDMMC1_IRQHandler                                 build/startup_stm32l4r5xx.o
SPI1_IRQHandler                                   build/startup_stm32l4r5xx.o
SPI2_IRQHandler                                   build/startup_stm32l4r5xx.o
SPI3_IRQHandler                                   build/startup_stm32l4r5xx.o
SVC_Handler                                       build/stm32l4xx_it.o
SysTick_Handler                                   build/stm32l4xx_it.o
SystemClock_Config                                build/main.o
SystemCoreClock                                   build/system_stm32l4xx.o
                                                  build/stm32l4xx_hal_adc_ex.o
                                                  build/stm32l4xx_hal_adc.o
                                                  build/stm32l4xx_hal_pwr_ex.o
                                                  build/stm32l4xx_hal_flash_ramfunc.o
                                                  build/stm32l4xx_hal_rcc.o
                                                  build/stm32l4xx_hal.o
SystemCoreClockUpdate                             build/system_stm32l4xx.o
SystemInit                                        build/system_stm32l4xx.o
                                                  build/startup_stm32l4r5xx.o
TAMP_STAMP_IRQHandler                             build/startup_stm32l4r5xx.o
TIM1_BRK_TIM15_IRQHandler                         build/startup_stm32l4r5xx.o
TIM1_CC_IRQHandler                                build/startup_stm32l4r5xx.o
TIM1_TRG_COM_TIM17_IRQHandler                     build/startup_stm32l4r5xx.o
TIM1_UP_TIM16_IRQHandler                          build/startup_stm32l4r5xx.o
TIM2_IRQHandler                                   build/startup_stm32l4r5xx.o
TIM3_IRQHandler                                   build/startup_stm32l4r5xx.o
TIM4_IRQHandler                                   build/startup_stm32l4r5xx.o
TIM5_IRQHandler                                   build/startup_stm32l4r5xx.o
TIM6_DAC_IRQHandler                               build/startup_stm32l4r5xx.o
TIM7_IRQHandler                                   build/startup_stm32l4r5xx.o
TIM8_BRK_IRQHandler                               build/startup_stm32l4r5xx.o
TIM8_CC_IRQHandler                                build/startup_stm32l4r5xx.o
TIM8_TRG_COM_IRQHandler                           build/startup_stm32l4r5xx.o
TIM8_UP_IRQHandler                                build/startup_stm32l4r5xx.o
TSC_IRQHandler                                    build/startup_stm32l4r5xx.o
UART4_IRQHandler                                  build/startup_stm32l4r5xx.o
UART5_IRQHandler                                  build/startup_stm32l4r5xx.o
UARTPrescTable                                    build/stm32l4xx_hal_uart.o
UART_AdvFeatureConfig                             build/stm32l4xx_hal_uart.o
                                                  build/stm32l4xx_hal_uart_ex.o
UART_CheckIdleState                               build/stm32l4xx_hal_uart.o
                                                  build/stm32l4xx_hal_uart_ex.o
UART_SetConfig                                    build/stm32l4xx_hal_uart.o
                                                  build/stm32l4xx_hal_uart_ex.o
UART_Start_Receive_DMA                            build/stm32l4xx_hal_uart.o
                                                  build/stm32l4xx_hal_uart_ex.o
UART_Start_Receive_IT                             build/stm32l4xx_hal_uart.o
                                                  build/stm32l4xx_hal_uart_ex.o
UART_WaitOnFlagUntilTimeout                       build/stm32l4xx_hal_uart.o
                                                  build/stm32l4xx_hal_uart_ex.o
USART1_IRQHandler                                 build/startup_stm32l4r5xx.o
USART2_IRQHandler                                 build/startup_stm32l4r5xx.o
USART3_IRQHandler                                 build/startup_stm32l4r5xx.o
UsageFault_Handler                                build/stm32l4xx_it.o
WWDG_IRQHandler                                   build/startup_stm32l4r5xx.o
__aeabi_idiv0                                     c:/program files (x86)/gnu arm embedded toolchain/10 2021.10/bin/../lib/gcc/arm-none-eabi/10.3.1/thumb/v7e-m+fp/hard\libgcc.a(_dvmd_tls.o)
__aeabi_ldiv0                                     c:/program files (x86)/gnu arm embedded toolchain/10 2021.10/bin/../lib/gcc/arm-none-eabi/10.3.1/thumb/v7e-m+fp/hard\libgcc.a(_dvmd_tls.o)
                                                  c:/program files (x86)/gnu arm embedded toolchain/10 2021.10/bin/../lib/gcc/arm-none-eabi/10.3.1/thumb/v7e-m+fp/hard\libgcc.a(_aeabi_uldivmod.o)
__aeabi_uldivmod                                  c:/program files (x86)/gnu arm embedded toolchain/10 2021.10/bin/../lib/gcc/arm-none-eabi/10.3.1/thumb/v7e-m+fp/hard\libgcc.a(_aeabi_uldivmod.o)
                                                  build/stm32l4xx_hal_uart.o
__bss_end__                                       c:/program files (x86)/gnu arm embedded toolchain/10 2021.10/bin/../lib/gcc/arm-none-eabi/10.3.1/../../../../arm-none-eabi/lib/thumb/v7e-m+fp/hard/crt0.o
__bss_start__                                     c:/program files (x86)/gnu arm embedded toolchain/10 2021.10/bin/../lib/gcc/arm-none-eabi/10.3.1/../../../../arm-none-eabi/lib/thumb/v7e-m+fp/hard/crt0.o
__call_exitprocs                                  c:/program files (x86)/gnu arm embedded toolchain/10 2021.10/bin/../lib/gcc/arm-none-eabi/10.3.1/../../../../arm-none-eabi/lib/thumb/v7e-m+fp/hard\libc_nano.a(lib_a-exit.o)
__deregister_frame_info                           c:/program files (x86)/gnu arm embedded toolchain/10 2021.10/bin/../lib/gcc/arm-none-eabi/10.3.1/thumb/v7e-m+fp/hard/crtbegin.o
__dso_handle                                      c:/program files (x86)/gnu arm embedded toolchain/10 2021.10/bin/../lib/gcc/arm-none-eabi/10.3.1/thumb/v7e-m+fp/hard/crtbegin.o
__init_array_end                                  c:/program files (x86)/gnu arm embedded toolchain/10 2021.10/bin/../lib/gcc/arm-none-eabi/10.3.1/../../../../arm-none-eabi/lib/thumb/v7e-m+fp/hard\libc_nano.a(lib_a-init.o)
__init_array_start                                c:/program files (x86)/gnu arm embedded toolchain/10 2021.10/bin/../lib/gcc/arm-none-eabi/10.3.1/../../../../arm-none-eabi/lib/thumb/v7e-m+fp/hard\libc_nano.a(lib_a-init.o)
__libc_fini_array                                 c:/program files (x86)/gnu arm embedded toolchain/10 2021.10/bin/../lib/gcc/arm-none-eabi/10.3.1/../../../../arm-none-eabi/lib/thumb/v7e-m+fp/hard/crt0.o
__libc_init_array                                 c:/program files (x86)/gnu arm embedded toolchain/10 2021.10/bin/../lib/gcc/arm-none-eabi/10.3.1/../../../../arm-none-eabi/lib/thumb/v7e-m+fp/hard\libc_nano.a(lib_a-init.o)
                                                  build/startup_stm32l4r5xx.o
                                                  c:/program files (x86)/gnu arm embedded toolchain/10 2021.10/bin/../lib/gcc/arm-none-eabi/10.3.1/../../../../arm-none-eabi/lib/thumb/v7e-m+fp/hard/crt0.o
__preinit_array_end                               c:/program files (x86)/gnu arm embedded toolchain/10 2021.10/bin/../lib/gcc/arm-none-eabi/10.3.1/../../../../arm-none-eabi/lib/thumb/v7e-m+fp/hard\libc_nano.a(lib_a-init.o)
__preinit_array_start                             c:/program files (x86)/gnu arm embedded toolchain/10 2021.10/bin/../lib/gcc/arm-none-eabi/10.3.1/../../../../arm-none-eabi/lib/thumb/v7e-m+fp/hard\libc_nano.a(lib_a-init.o)
__register_frame_info                             c:/program files (x86)/gnu arm embedded toolchain/10 2021.10/bin/../lib/gcc/arm-none-eabi/10.3.1/thumb/v7e-m+fp/hard/crtbegin.o
__sf_fake_stderr                                  c:/program files (x86)/gnu arm embedded toolchain/10 2021.10/bin/../lib/gcc/arm-none-eabi/10.3.1/../../../../arm-none-eabi/lib/thumb/v7e-m+fp/hard\libc_nano.a(lib_a-impure.o)
__sf_fake_stdin                                   c:/program files (x86)/gnu arm embedded toolchain/10 2021.10/bin/../lib/gcc/arm-none-eabi/10.3.1/../../../../arm-none-eabi/lib/thumb/v7e-m+fp/hard\libc_nano.a(lib_a-impure.o)
__sf_fake_stdout                                  c:/program files (x86)/gnu arm embedded toolchain/10 2021.10/bin/../lib/gcc/arm-none-eabi/10.3.1/../../../../arm-none-eabi/lib/thumb/v7e-m+fp/hard\libc_nano.a(lib_a-impure.o)
__stack                                           c:/program files (x86)/gnu arm embedded toolchain/10 2021.10/bin/../lib/gcc/arm-none-eabi/10.3.1/../../../../arm-none-eabi/lib/thumb/v7e-m+fp/hard/crt0.o
__udivmoddi4                                      c:/program files (x86)/gnu arm embedded toolchain/10 2021.10/bin/../lib/gcc/arm-none-eabi/10.3.1/thumb/v7e-m+fp/hard\libgcc.a(_udivmoddi4.o)
                                                  c:/program files (x86)/gnu arm embedded toolchain/10 2021.10/bin/../lib/gcc/arm-none-eabi/10.3.1/thumb/v7e-m+fp/hard\libgcc.a(_aeabi_uldivmod.o)
_ebss                                             build/startup_stm32l4r5xx.o
_edata                                            build/startup_stm32l4r5xx.o
_estack                                           build/startup_stm32l4r5xx.o
_exit                                             c:/program files (x86)/gnu arm embedded toolchain/10 2021.10/bin/../lib/gcc/arm-none-eabi/10.3.1/../../../../arm-none-eabi/lib/thumb/v7e-m+fp/hard\libnosys.a(_exit.o)
                                                  c:/program files (x86)/gnu arm embedded toolchain/10 2021.10/bin/../lib/gcc/arm-none-eabi/10.3.1/../../../../arm-none-eabi/lib/thumb/v7e-m+fp/hard\libc_nano.a(lib_a-exit.o)
_fini                                             c:/program files (x86)/gnu arm embedded toolchain/10 2021.10/bin/../lib/gcc/arm-none-eabi/10.3.1/thumb/v7e-m+fp/hard/crti.o
_global_impure_ptr                                c:/program files (x86)/gnu arm embedded toolchain/10 2021.10/bin/../lib/gcc/arm-none-eabi/10.3.1/../../../../arm-none-eabi/lib/thumb/v7e-m+fp/hard\libc_nano.a(lib_a-impure.o)
                                                  c:/program files (x86)/gnu arm embedded toolchain/10 2021.10/bin/../lib/gcc/arm-none-eabi/10.3.1/../../../../arm-none-eabi/lib/thumb/v7e-m+fp/hard\libc_nano.a(lib_a-exit.o)
_impure_ptr                                       c:/program files (x86)/gnu arm embedded toolchain/10 2021.10/bin/../lib/gcc/arm-none-eabi/10.3.1/../../../../arm-none-eabi/lib/thumb/v7e-m+fp/hard\libc_nano.a(lib_a-impure.o)
_init                                             c:/program files (x86)/gnu arm embedded toolchain/10 2021.10/bin/../lib/gcc/arm-none-eabi/10.3.1/thumb/v7e-m+fp/hard/crti.o
                                                  c:/program files (x86)/gnu arm embedded toolchain/10 2021.10/bin/../lib/gcc/arm-none-eabi/10.3.1/../../../../arm-none-eabi/lib/thumb/v7e-m+fp/hard\libc_nano.a(lib_a-init.o)
_mainCRTStartup                                   c:/program files (x86)/gnu arm embedded toolchain/10 2021.10/bin/../lib/gcc/arm-none-eabi/10.3.1/../../../../arm-none-eabi/lib/thumb/v7e-m+fp/hard/crt0.o
_sbss                                             build/startup_stm32l4r5xx.o
_sdata                                            build/startup_stm32l4r5xx.o
_sidata                                           build/startup_stm32l4r5xx.o
_stack_init                                       c:/program files (x86)/gnu arm embedded toolchain/10 2021.10/bin/../lib/gcc/arm-none-eabi/10.3.1/../../../../arm-none-eabi/lib/thumb/v7e-m+fp/hard/crt0.o
_start                                            c:/program files (x86)/gnu arm embedded toolchain/10 2021.10/bin/../lib/gcc/arm-none-eabi/10.3.1/../../../../arm-none-eabi/lib/thumb/v7e-m+fp/hard/crt0.o
atexit                                            c:/program files (x86)/gnu arm embedded toolchain/10 2021.10/bin/../lib/gcc/arm-none-eabi/10.3.1/../../../../arm-none-eabi/lib/thumb/v7e-m+fp/hard/crt0.o
clearpin                                          build/output.o
                                                  build/lcd.o
exit                                              c:/program files (x86)/gnu arm embedded toolchain/10 2021.10/bin/../lib/gcc/arm-none-eabi/10.3.1/../../../../arm-none-eabi/lib/thumb/v7e-m+fp/hard\libc_nano.a(lib_a-exit.o)
                                                  c:/program files (x86)/gnu arm embedded toolchain/10 2021.10/bin/../lib/gcc/arm-none-eabi/10.3.1/../../../../arm-none-eabi/lib/thumb/v7e-m+fp/hard/crt0.o
g_pfnVectors                                      build/startup_stm32l4r5xx.o
hadc1                                             build/main.o